005 (9142568.728.000) 07/29 12:35:10 Job terminated.
	(1) Normal termination (return value 0)
		Usr 0 01:02:40, Sys 0 00:00:04  -  Run Remote Usage
		Usr 0 00:00:00, Sys 0 00:00:00  -  Run Local Usage
		Usr 0 01:42:31, Sys 0 00:00:06  -  Total Remote Usage
		Usr 0 00:00:00, Sys 0 00:00:00  -  Total Local Usage
	484900  -  Run Bytes Sent By Job
	1308476  -  Run Bytes Received By Job
	484900  -  Total Bytes Sent By Job
	1308476  -  Total Bytes Received By Job
...
005 (9142568.1994.000) 07/29 12:44:45 Job terminated.
	(1) Normal termination (return value 0)
		Usr 0 01:09:14, Sys 0 00:00:02  -  Run Remote Usage
		Usr 0 00:00:00, Sys 0 00:00:00  -  Run Local Usage
		Usr 0 01:44:08, Sys 0 00:00:04  -  Total Remote Usage
		Usr 0 00:00:00, Sys 0 00:00:00  -  Total Local Usage
	359195  -  Run Bytes Sent By Job
	1308476  -  Run Bytes Received By Job
	359195  -  Total Bytes Sent By Job
	1308476  -  Total Bytes Received By Job
...
005 (9142568.2903.000) 07/29 14:19:35 Job terminated.
	(1) Normal termination (return value 0)
		Usr 0 04:20:08, Sys 0 00:00:30  -  Run Remote Usage
		Usr 0 00:00:00, Sys 0 00:00:00  -  Run Local Usage
		Usr 0 04:20:08, Sys 0 00:00:30  -  Total Remote Usage
		Usr 0 00:00:00, Sys 0 00:00:00  -  Total Local Usage
	336737  -  Run Bytes Sent By Job
	654238  -  Run Bytes Received By Job
	336737  -  Total Bytes Sent By Job
	654238  -  Total Bytes Received By Job
...
005 (9142568.2751.000) 07/29 14:53:16 Job terminated.
	(1) Normal termination (return value 0)
		Usr 0 04:51:06, Sys 0 00:00:44  -  Run Remote Usage
		Usr 0 00:00:00, Sys 0 00:00:00  -  Run Local Usage
		Usr 0 04:51:06, Sys 0 00:00:44  -  Total Remote Usage
		Usr 0 00:00:00, Sys 0 00:00:00  -  Total Local Usage
	506224  -  Run Bytes Sent By Job
	654238  -  Run Bytes Received By Job
	506224  -  Total Bytes Sent By Job
	654238  -  Total Bytes Received By Job
...
