=========================================
 Job environment
=========================================
  Hostname:  b9g18p0292.cern.ch
  Input dir: /eos/cms/store/group/phys_smp/ec/shuangyu/Jpsi/HardQCD_Pt15to7000_Oniaoff_CR0_PYTHIA8309
  Output:    HardQCD_Pt15to7000_Oniaoff_CR0_PYTHIA8309
  Chunk:     3 / 20
  Radius:    0.4
=========================================
Setting up CMSSW environment...
Compiling eec.cpp ...
Compilation done.
Running: ./eec -i /eos/cms/store/group/phys_smp/ec/shuangyu/Jpsi/HardQCD_Pt15to7000_Oniaoff_CR0_PYTHIA8309 -o HardQCD_Pt15to7000_Oniaoff_CR0_PYTHIA8309 -n 20 -e 3 -r 0.4
Processing files 600 to 799 (out of 4000)
Total events in this chunk: 200000
#--------------------------------------------------------------------------
#                         FastJet release 3.4.1
#                 M. Cacciari, G.P. Salam and G. Soyez                  
#     A software package for jet finding and analysis at colliders      
#                           http://fastjet.fr                           
#	                                                                      
# Please cite EPJC72(2012)1896 [arXiv:1111.6097] if you use this package
# for scientific work and optionally PLB641(2006)57 [hep-ph/0512210].   
#                                                                       
# FastJet is provided without warranty under the GNU GPL v2 or higher.  
# It uses T. Chan's closest pair algorithm, S. Fortune's Voronoi code
# and 3rd party plugin jet algorithms. See COPYING file for details.
#--------------------------------------------------------------------------
1% | Elapsed: 0h 0m 3s | Remaining: 0h 4m 57s
2% | Elapsed: 0h 0m 6s | Remaining: 0h 4m 54s
3% | Elapsed: 0h 0m 9s | Remaining: 0h 4m 51s
4% | Elapsed: 0h 0m 13s | Remaining: 0h 5m 12s
5% | Elapsed: 0h 0m 16s | Remaining: 0h 5m 4s
6% | Elapsed: 0h 0m 19s | Remaining: 0h 4m 57s
7% | Elapsed: 0h 0m 23s | Remaining: 0h 5m 5s
8% | Elapsed: 0h 0m 26s | Remaining: 0h 4m 59s
9% | Elapsed: 0h 0m 29s | Remaining: 0h 4m 53s
10% | Elapsed: 0h 0m 32s | Remaining: 0h 4m 48s
11% | Elapsed: 0h 0m 36s | Remaining: 0h 4m 51s
12% | Elapsed: 0h 0m 39s | Remaining: 0h 4m 46s
13% | Elapsed: 0h 0m 43s | Remaining: 0h 4m 47s
14% | Elapsed: 0h 0m 46s | Remaining: 0h 4m 42s
15% | Elapsed: 0h 0m 49s | Remaining: 0h 4m 37s
16% | Elapsed: 0h 0m 52s | Remaining: 0h 4m 33s
17% | Elapsed: 0h 0m 56s | Remaining: 0h 4m 33s
18% | Elapsed: 0h 0m 59s | Remaining: 0h 4m 28s
19% | Elapsed: 0h 1m 3s | Remaining: 0h 4m 28s
20% | Elapsed: 0h 1m 6s | Remaining: 0h 4m 24s
21% | Elapsed: 0h 1m 9s | Remaining: 0h 4m 19s
22% | Elapsed: 0h 1m 13s | Remaining: 0h 4m 18s
23% | Elapsed: 0h 1m 16s | Remaining: 0h 4m 14s
24% | Elapsed: 0h 1m 19s | Remaining: 0h 4m 10s
25% | Elapsed: 0h 1m 23s | Remaining: 0h 4m 9s
26% | Elapsed: 0h 1m 27s | Remaining: 0h 4m 7s
27% | Elapsed: 0h 1m 30s | Remaining: 0h 4m 3s
28% | Elapsed: 0h 1m 33s | Remaining: 0h 3m 59s
29% | Elapsed: 0h 1m 37s | Remaining: 0h 3m 57s
30% | Elapsed: 0h 1m 40s | Remaining: 0h 3m 53s
31% | Elapsed: 0h 1m 43s | Remaining: 0h 3m 49s
32% | Elapsed: 0h 1m 47s | Remaining: 0h 3m 47s
33% | Elapsed: 0h 1m 50s | Remaining: 0h 3m 43s
34% | Elapsed: 0h 1m 54s | Remaining: 0h 3m 41s
35% | Elapsed: 0h 1m 57s | Remaining: 0h 3m 37s
36% | Elapsed: 0h 2m 0s | Remaining: 0h 3m 33s
37% | Elapsed: 0h 2m 3s | Remaining: 0h 3m 29s
38% | Elapsed: 0h 2m 7s | Remaining: 0h 3m 27s
39% | Elapsed: 0h 2m 11s | Remaining: 0h 3m 24s
40% | Elapsed: 0h 2m 14s | Remaining: 0h 3m 21s
41% | Elapsed: 0h 2m 17s | Remaining: 0h 3m 17s
42% | Elapsed: 0h 2m 20s | Remaining: 0h 3m 13s
43% | Elapsed: 0h 2m 24s | Remaining: 0h 3m 10s
44% | Elapsed: 0h 2m 27s | Remaining: 0h 3m 7s
45% | Elapsed: 0h 2m 30s | Remaining: 0h 3m 3s
46% | Elapsed: 0h 2m 33s | Remaining: 0h 2m 59s
47% | Elapsed: 0h 2m 37s | Remaining: 0h 2m 57s
48% | Elapsed: 0h 2m 40s | Remaining: 0h 2m 53s
49% | Elapsed: 0h 2m 43s | Remaining: 0h 2m 49s
50% | Elapsed: 0h 2m 47s | Remaining: 0h 2m 47s
51% | Elapsed: 0h 2m 50s | Remaining: 0h 2m 43s
52% | Elapsed: 0h 2m 53s | Remaining: 0h 2m 39s
53% | Elapsed: 0h 2m 57s | Remaining: 0h 2m 36s
54% | Elapsed: 0h 3m 0s | Remaining: 0h 2m 33s
55% | Elapsed: 0h 3m 3s | Remaining: 0h 2m 29s
56% | Elapsed: 0h 3m 6s | Remaining: 0h 2m 26s
57% | Elapsed: 0h 3m 9s | Remaining: 0h 2m 22s
58% | Elapsed: 0h 3m 13s | Remaining: 0h 2m 19s
59% | Elapsed: 0h 3m 16s | Remaining: 0h 2m 16s
60% | Elapsed: 0h 3m 19s | Remaining: 0h 2m 12s
61% | Elapsed: 0h 3m 23s | Remaining: 0h 2m 9s
62% | Elapsed: 0h 3m 27s | Remaining: 0h 2m 6s
63% | Elapsed: 0h 3m 30s | Remaining: 0h 2m 3s
64% | Elapsed: 0h 3m 33s | Remaining: 0h 1m 59s
65% | Elapsed: 0h 3m 37s | Remaining: 0h 1m 56s
66% | Elapsed: 0h 3m 40s | Remaining: 0h 1m 53s
67% | Elapsed: 0h 3m 43s | Remaining: 0h 1m 49s
68% | Elapsed: 0h 3m 47s | Remaining: 0h 1m 46s
69% | Elapsed: 0h 3m 50s | Remaining: 0h 1m 43s
70% | Elapsed: 0h 3m 53s | Remaining: 0h 1m 39s
71% | Elapsed: 0h 3m 57s | Remaining: 0h 1m 36s
72% | Elapsed: 0h 4m 0s | Remaining: 0h 1m 33s
73% | Elapsed: 0h 4m 3s | Remaining: 0h 1m 29s
74% | Elapsed: 0h 4m 7s | Remaining: 0h 1m 26s
75% | Elapsed: 0h 4m 10s | Remaining: 0h 1m 23s
76% | Elapsed: 0h 4m 13s | Remaining: 0h 1m 19s
77% | Elapsed: 0h 4m 17s | Remaining: 0h 1m 16s
78% | Elapsed: 0h 4m 20s | Remaining: 0h 1m 13s
79% | Elapsed: 0h 4m 23s | Remaining: 0h 1m 9s
80% | Elapsed: 0h 4m 27s | Remaining: 0h 1m 6s
81% | Elapsed: 0h 4m 30s | Remaining: 0h 1m 3s
82% | Elapsed: 0h 4m 33s | Remaining: 0h 0m 59s
83% | Elapsed: 0h 4m 37s | Remaining: 0h 0m 56s
84% | Elapsed: 0h 4m 40s | Remaining: 0h 0m 53s
85% | Elapsed: 0h 4m 43s | Remaining: 0h 0m 49s
86% | Elapsed: 0h 4m 47s | Remaining: 0h 0m 46s
87% | Elapsed: 0h 4m 50s | Remaining: 0h 0m 43s
88% | Elapsed: 0h 4m 54s | Remaining: 0h 0m 40s
89% | Elapsed: 0h 4m 57s | Remaining: 0h 0m 36s
90% | Elapsed: 0h 5m 0s | Remaining: 0h 0m 33s
91% | Elapsed: 0h 5m 3s | Remaining: 0h 0m 29s
92% | Elapsed: 0h 5m 6s | Remaining: 0h 0m 26s
93% | Elapsed: 0h 5m 10s | Remaining: 0h 0m 23s
94% | Elapsed: 0h 5m 14s | Remaining: 0h 0m 20s
95% | Elapsed: 0h 5m 16s | Remaining: 0h 0m 16s
96% | Elapsed: 0h 5m 20s | Remaining: 0h 0m 13s
97% | Elapsed: 0h 5m 23s | Remaining: 0h 0m 9s
98% | Elapsed: 0h 5m 27s | Remaining: 0h 0m 6s
99% | Elapsed: 0h 5m 30s | Remaining: 0h 0m 3s
100% | Elapsed: 0h 5m 33s | Remaining: 0h 0m 0s
Saved part 0 to HardQCD_Pt15to7000_Oniaoff_CR0_PYTHIA8309_Chunk3_Part0.root (valid: 105260, processed: 200000, final part)

Processing completed successfully!
Total events processed: 200000
Total parts created: 0

Job finished. Chunk 3 done.
