=========================================
 Job environment
=========================================
  Hostname:  b9p25p0173.cern.ch
  Input dir: /eos/cms/store/group/phys_smp/ec/shuangyu/Jpsi/HardQCD_Pt15to7000_Oniaon_CR1_PYTHIA8311
  Output:    HardQCD_Pt15to7000_Oniaon_CR1_PYTHIA8311
  Chunk:     12 / 20
  Radius:    0.4
=========================================
Setting up CMSSW environment...
Compiling eec.cpp ...
Compilation done.
Running: ./eec -i /eos/cms/store/group/phys_smp/ec/shuangyu/Jpsi/HardQCD_Pt15to7000_Oniaon_CR1_PYTHIA8311 -o HardQCD_Pt15to7000_Oniaon_CR1_PYTHIA8311 -n 20 -e 12 -r 0.4
Processing files 2124 to 2300 (out of 3522)
Total events in this chunk: 172000
#--------------------------------------------------------------------------
#                         FastJet release 3.4.1
#                 M. Cacciari, G.P. Salam and G. Soyez                  
#     A software package for jet finding and analysis at colliders      
#                           http://fastjet.fr                           
#	                                                                      
# Please cite EPJC72(2012)1896 [arXiv:1111.6097] if you use this package
# for scientific work and optionally PLB641(2006)57 [hep-ph/0512210].   
#                                                                       
# FastJet is provided without warranty under the GNU GPL v2 or higher.  
# It uses T. Chan's closest pair algorithm, S. Fortune's Voronoi code
# and 3rd party plugin jet algorithms. See COPYING file for details.
#--------------------------------------------------------------------------
1% | Elapsed: 0h 0m 2s | Remaining: 0h 3m 18s
2% | Elapsed: 0h 0m 5s | Remaining: 0h 4m 5s
3% | Elapsed: 0h 0m 7s | Remaining: 0h 3m 46s
4% | Elapsed: 0h 0m 10s | Remaining: 0h 4m 0s
5% | Elapsed: 0h 0m 12s | Remaining: 0h 3m 48s
6% | Elapsed: 0h 0m 15s | Remaining: 0h 3m 55s
7% | Elapsed: 0h 0m 18s | Remaining: 0h 3m 59s
8% | Elapsed: 0h 0m 20s | Remaining: 0h 3m 50s
9% | Elapsed: 0h 0m 23s | Remaining: 0h 3m 52s
10% | Elapsed: 0h 0m 25s | Remaining: 0h 3m 45s
11% | Elapsed: 0h 0m 28s | Remaining: 0h 3m 46s
12% | Elapsed: 0h 0m 30s | Remaining: 0h 3m 40s
13% | Elapsed: 0h 0m 33s | Remaining: 0h 3m 40s
14% | Elapsed: 0h 0m 35s | Remaining: 0h 3m 34s
15% | Elapsed: 0h 0m 38s | Remaining: 0h 3m 35s
16% | Elapsed: 0h 0m 41s | Remaining: 0h 3m 35s
17% | Elapsed: 0h 0m 43s | Remaining: 0h 3m 29s
18% | Elapsed: 0h 0m 45s | Remaining: 0h 3m 25s
19% | Elapsed: 0h 0m 48s | Remaining: 0h 3m 24s
20% | Elapsed: 0h 0m 51s | Remaining: 0h 3m 24s
21% | Elapsed: 0h 0m 53s | Remaining: 0h 3m 19s
22% | Elapsed: 0h 0m 56s | Remaining: 0h 3m 18s
23% | Elapsed: 0h 0m 58s | Remaining: 0h 3m 14s
24% | Elapsed: 0h 1m 1s | Remaining: 0h 3m 13s
25% | Elapsed: 0h 1m 3s | Remaining: 0h 3m 9s
26% | Elapsed: 0h 1m 5s | Remaining: 0h 3m 5s
27% | Elapsed: 0h 1m 8s | Remaining: 0h 3m 3s
28% | Elapsed: 0h 1m 10s | Remaining: 0h 2m 59s
29% | Elapsed: 0h 1m 12s | Remaining: 0h 2m 56s
30% | Elapsed: 0h 1m 16s | Remaining: 0h 2m 57s
31% | Elapsed: 0h 1m 18s | Remaining: 0h 2m 53s
32% | Elapsed: 0h 1m 21s | Remaining: 0h 2m 52s
33% | Elapsed: 0h 1m 23s | Remaining: 0h 2m 48s
34% | Elapsed: 0h 1m 26s | Remaining: 0h 2m 46s
35% | Elapsed: 0h 1m 28s | Remaining: 0h 2m 43s
36% | Elapsed: 0h 1m 31s | Remaining: 0h 2m 41s
37% | Elapsed: 0h 1m 33s | Remaining: 0h 2m 38s
38% | Elapsed: 0h 1m 36s | Remaining: 0h 2m 36s
39% | Elapsed: 0h 1m 38s | Remaining: 0h 2m 33s
40% | Elapsed: 0h 1m 41s | Remaining: 0h 2m 31s
41% | Elapsed: 0h 1m 43s | Remaining: 0h 2m 28s
42% | Elapsed: 0h 1m 46s | Remaining: 0h 2m 26s
43% | Elapsed: 0h 1m 48s | Remaining: 0h 2m 23s
44% | Elapsed: 0h 1m 51s | Remaining: 0h 2m 21s
45% | Elapsed: 0h 1m 53s | Remaining: 0h 2m 18s
46% | Elapsed: 0h 1m 56s | Remaining: 0h 2m 16s
47% | Elapsed: 0h 1m 58s | Remaining: 0h 2m 13s
48% | Elapsed: 0h 2m 1s | Remaining: 0h 2m 11s
49% | Elapsed: 0h 2m 4s | Remaining: 0h 2m 9s
50% | Elapsed: 0h 2m 6s | Remaining: 0h 2m 6s
51% | Elapsed: 0h 2m 8s | Remaining: 0h 2m 2s
52% | Elapsed: 0h 2m 11s | Remaining: 0h 2m 0s
53% | Elapsed: 0h 2m 13s | Remaining: 0h 1m 57s
54% | Elapsed: 0h 2m 16s | Remaining: 0h 1m 55s
55% | Elapsed: 0h 2m 19s | Remaining: 0h 1m 53s
56% | Elapsed: 0h 2m 21s | Remaining: 0h 1m 50s
57% | Elapsed: 0h 2m 24s | Remaining: 0h 1m 48s
58% | Elapsed: 0h 2m 26s | Remaining: 0h 1m 45s
59% | Elapsed: 0h 2m 29s | Remaining: 0h 1m 43s
60% | Elapsed: 0h 2m 32s | Remaining: 0h 1m 41s
61% | Elapsed: 0h 2m 34s | Remaining: 0h 1m 38s
62% | Elapsed: 0h 2m 37s | Remaining: 0h 1m 36s
63% | Elapsed: 0h 2m 39s | Remaining: 0h 1m 33s
64% | Elapsed: 0h 2m 42s | Remaining: 0h 1m 31s
65% | Elapsed: 0h 2m 44s | Remaining: 0h 1m 28s
66% | Elapsed: 0h 2m 47s | Remaining: 0h 1m 26s
67% | Elapsed: 0h 2m 49s | Remaining: 0h 1m 23s
68% | Elapsed: 0h 2m 52s | Remaining: 0h 1m 20s
69% | Elapsed: 0h 2m 55s | Remaining: 0h 1m 18s
70% | Elapsed: 0h 2m 57s | Remaining: 0h 1m 15s
71% | Elapsed: 0h 3m 0s | Remaining: 0h 1m 13s
72% | Elapsed: 0h 3m 2s | Remaining: 0h 1m 10s
73% | Elapsed: 0h 3m 5s | Remaining: 0h 1m 8s
74% | Elapsed: 0h 3m 8s | Remaining: 0h 1m 6s
75% | Elapsed: 0h 3m 11s | Remaining: 0h 1m 3s
76% | Elapsed: 0h 3m 13s | Remaining: 0h 1m 0s
77% | Elapsed: 0h 3m 16s | Remaining: 0h 0m 58s
78% | Elapsed: 0h 3m 20s | Remaining: 0h 0m 56s
79% | Elapsed: 0h 3m 23s | Remaining: 0h 0m 53s
80% | Elapsed: 0h 3m 26s | Remaining: 0h 0m 51s
81% | Elapsed: 0h 3m 29s | Remaining: 0h 0m 49s
82% | Elapsed: 0h 3m 31s | Remaining: 0h 0m 46s
83% | Elapsed: 0h 3m 34s | Remaining: 0h 0m 43s
84% | Elapsed: 0h 3m 36s | Remaining: 0h 0m 41s
85% | Elapsed: 0h 3m 39s | Remaining: 0h 0m 38s
86% | Elapsed: 0h 3m 41s | Remaining: 0h 0m 35s
87% | Elapsed: 0h 3m 43s | Remaining: 0h 0m 33s
88% | Elapsed: 0h 3m 46s | Remaining: 0h 0m 30s
89% | Elapsed: 0h 3m 49s | Remaining: 0h 0m 28s
90% | Elapsed: 0h 3m 51s | Remaining: 0h 0m 25s
91% | Elapsed: 0h 3m 54s | Remaining: 0h 0m 23s
92% | Elapsed: 0h 3m 56s | Remaining: 0h 0m 20s
93% | Elapsed: 0h 3m 59s | Remaining: 0h 0m 17s
94% | Elapsed: 0h 4m 1s | Remaining: 0h 0m 15s
95% | Elapsed: 0h 4m 3s | Remaining: 0h 0m 12s
96% | Elapsed: 0h 4m 6s | Remaining: 0h 0m 10s
97% | Elapsed: 0h 4m 8s | Remaining: 0h 0m 7s
98% | Elapsed: 0h 4m 11s | Remaining: 0h 0m 5s
99% | Elapsed: 0h 4m 13s | Remaining: 0h 0m 2s
100% | Elapsed: 0h 4m 16s | Remaining: 0h 0m 0s
Saved part 0 to HardQCD_Pt15to7000_Oniaon_CR1_PYTHIA8311_Chunk12_Part0.root (valid: 109097, processed: 172000, final part)

Processing completed successfully!
Total events processed: 172000
Total parts created: 0

Job finished. Chunk 12 done.
