=========================================
 Job environment
=========================================
  Hostname:  b9p28p9038.cern.ch
  Input dir: /eos/cms/store/group/phys_smp/ec/shuangyu/Jpsi/HardQCD_Pt15to7000_Oniaoff_CR0_PYTHIA8311
  Output:    HardQCD_Pt15to7000_Oniaoff_CR0_PYTHIA8311
  Chunk:     19 / 20
  Radius:    0.4
=========================================
Setting up CMSSW environment...
Compiling eec.cpp ...
Compilation done.
Running: ./eec -i /eos/cms/store/group/phys_smp/ec/shuangyu/Jpsi/HardQCD_Pt15to7000_Oniaoff_CR0_PYTHIA8311 -o HardQCD_Pt15to7000_Oniaoff_CR0_PYTHIA8311 -n 20 -e 19 -r 0.4
Processing files 3800 to 3999 (out of 4000)
Total events in this chunk: 199000
#--------------------------------------------------------------------------
#                         FastJet release 3.4.1
#                 M. Cacciari, G.P. Salam and G. Soyez                  
#     A software package for jet finding and analysis at colliders      
#                           http://fastjet.fr                           
#	                                                                      
# Please cite EPJC72(2012)1896 [arXiv:1111.6097] if you use this package
# for scientific work and optionally PLB641(2006)57 [hep-ph/0512210].   
#                                                                       
# FastJet is provided without warranty under the GNU GPL v2 or higher.  
# It uses T. Chan's closest pair algorithm, S. Fortune's Voronoi code
# and 3rd party plugin jet algorithms. See COPYING file for details.
#--------------------------------------------------------------------------
1% | Elapsed: 0h 0m 3s | Remaining: 0h 4m 57s
2% | Elapsed: 0h 0m 6s | Remaining: 0h 4m 54s
3% | Elapsed: 0h 0m 9s | Remaining: 0h 4m 51s
4% | Elapsed: 0h 0m 12s | Remaining: 0h 4m 48s
5% | Elapsed: 0h 0m 15s | Remaining: 0h 4m 45s
6% | Elapsed: 0h 0m 19s | Remaining: 0h 4m 57s
7% | Elapsed: 0h 0m 22s | Remaining: 0h 4m 52s
8% | Elapsed: 0h 0m 25s | Remaining: 0h 4m 47s
9% | Elapsed: 0h 0m 28s | Remaining: 0h 4m 43s
10% | Elapsed: 0h 0m 31s | Remaining: 0h 4m 39s
11% | Elapsed: 0h 0m 34s | Remaining: 0h 4m 35s
12% | Elapsed: 0h 0m 37s | Remaining: 0h 4m 31s
13% | Elapsed: 0h 0m 40s | Remaining: 0h 4m 27s
14% | Elapsed: 0h 0m 44s | Remaining: 0h 4m 30s
15% | Elapsed: 0h 0m 46s | Remaining: 0h 4m 20s
16% | Elapsed: 0h 0m 49s | Remaining: 0h 4m 17s
17% | Elapsed: 0h 0m 52s | Remaining: 0h 4m 13s
18% | Elapsed: 0h 0m 56s | Remaining: 0h 4m 15s
19% | Elapsed: 0h 0m 59s | Remaining: 0h 4m 11s
20% | Elapsed: 0h 1m 2s | Remaining: 0h 4m 8s
21% | Elapsed: 0h 1m 5s | Remaining: 0h 4m 4s
22% | Elapsed: 0h 1m 8s | Remaining: 0h 4m 1s
23% | Elapsed: 0h 1m 11s | Remaining: 0h 3m 57s
24% | Elapsed: 0h 1m 14s | Remaining: 0h 3m 54s
25% | Elapsed: 0h 1m 17s | Remaining: 0h 3m 51s
26% | Elapsed: 0h 1m 20s | Remaining: 0h 3m 47s
27% | Elapsed: 0h 1m 23s | Remaining: 0h 3m 44s
28% | Elapsed: 0h 1m 27s | Remaining: 0h 3m 43s
29% | Elapsed: 0h 1m 30s | Remaining: 0h 3m 40s
30% | Elapsed: 0h 1m 33s | Remaining: 0h 3m 37s
31% | Elapsed: 0h 1m 36s | Remaining: 0h 3m 33s
32% | Elapsed: 0h 1m 39s | Remaining: 0h 3m 30s
33% | Elapsed: 0h 1m 42s | Remaining: 0h 3m 27s
34% | Elapsed: 0h 1m 45s | Remaining: 0h 3m 23s
35% | Elapsed: 0h 1m 48s | Remaining: 0h 3m 20s
36% | Elapsed: 0h 1m 51s | Remaining: 0h 3m 17s
37% | Elapsed: 0h 1m 54s | Remaining: 0h 3m 14s
38% | Elapsed: 0h 1m 57s | Remaining: 0h 3m 10s
39% | Elapsed: 0h 2m 0s | Remaining: 0h 3m 7s
40% | Elapsed: 0h 2m 3s | Remaining: 0h 3m 4s
41% | Elapsed: 0h 2m 6s | Remaining: 0h 3m 1s
42% | Elapsed: 0h 2m 9s | Remaining: 0h 2m 58s
43% | Elapsed: 0h 2m 12s | Remaining: 0h 2m 54s
44% | Elapsed: 0h 2m 15s | Remaining: 0h 2m 51s
45% | Elapsed: 0h 2m 18s | Remaining: 0h 2m 48s
46% | Elapsed: 0h 2m 21s | Remaining: 0h 2m 45s
47% | Elapsed: 0h 2m 24s | Remaining: 0h 2m 42s
48% | Elapsed: 0h 2m 27s | Remaining: 0h 2m 39s
49% | Elapsed: 0h 2m 30s | Remaining: 0h 2m 36s
50% | Elapsed: 0h 2m 33s | Remaining: 0h 2m 33s
51% | Elapsed: 0h 2m 36s | Remaining: 0h 2m 29s
52% | Elapsed: 0h 2m 39s | Remaining: 0h 2m 26s
53% | Elapsed: 0h 2m 42s | Remaining: 0h 2m 23s
54% | Elapsed: 0h 2m 46s | Remaining: 0h 2m 21s
55% | Elapsed: 0h 2m 49s | Remaining: 0h 2m 18s
56% | Elapsed: 0h 2m 52s | Remaining: 0h 2m 15s
57% | Elapsed: 0h 2m 55s | Remaining: 0h 2m 12s
58% | Elapsed: 0h 2m 58s | Remaining: 0h 2m 8s
59% | Elapsed: 0h 3m 1s | Remaining: 0h 2m 5s
60% | Elapsed: 0h 3m 4s | Remaining: 0h 2m 2s
61% | Elapsed: 0h 3m 7s | Remaining: 0h 1m 59s
62% | Elapsed: 0h 3m 10s | Remaining: 0h 1m 56s
63% | Elapsed: 0h 3m 13s | Remaining: 0h 1m 53s
64% | Elapsed: 0h 3m 16s | Remaining: 0h 1m 50s
65% | Elapsed: 0h 3m 19s | Remaining: 0h 1m 47s
66% | Elapsed: 0h 3m 22s | Remaining: 0h 1m 44s
67% | Elapsed: 0h 3m 25s | Remaining: 0h 1m 40s
68% | Elapsed: 0h 3m 28s | Remaining: 0h 1m 37s
69% | Elapsed: 0h 3m 31s | Remaining: 0h 1m 34s
70% | Elapsed: 0h 3m 35s | Remaining: 0h 1m 32s
71% | Elapsed: 0h 3m 38s | Remaining: 0h 1m 29s
72% | Elapsed: 0h 3m 41s | Remaining: 0h 1m 25s
73% | Elapsed: 0h 3m 45s | Remaining: 0h 1m 23s
74% | Elapsed: 0h 3m 48s | Remaining: 0h 1m 20s
75% | Elapsed: 0h 3m 51s | Remaining: 0h 1m 17s
76% | Elapsed: 0h 3m 54s | Remaining: 0h 1m 13s
77% | Elapsed: 0h 3m 57s | Remaining: 0h 1m 10s
78% | Elapsed: 0h 4m 0s | Remaining: 0h 1m 7s
79% | Elapsed: 0h 4m 3s | Remaining: 0h 1m 4s
80% | Elapsed: 0h 4m 7s | Remaining: 0h 1m 1s
81% | Elapsed: 0h 4m 10s | Remaining: 0h 0m 58s
82% | Elapsed: 0h 4m 13s | Remaining: 0h 0m 55s
83% | Elapsed: 0h 4m 16s | Remaining: 0h 0m 52s
84% | Elapsed: 0h 4m 19s | Remaining: 0h 0m 49s
85% | Elapsed: 0h 4m 22s | Remaining: 0h 0m 46s
86% | Elapsed: 0h 4m 25s | Remaining: 0h 0m 43s
87% | Elapsed: 0h 4m 29s | Remaining: 0h 0m 40s
88% | Elapsed: 0h 4m 32s | Remaining: 0h 0m 37s
89% | Elapsed: 0h 4m 35s | Remaining: 0h 0m 33s
90% | Elapsed: 0h 4m 38s | Remaining: 0h 0m 30s
91% | Elapsed: 0h 4m 41s | Remaining: 0h 0m 27s
92% | Elapsed: 0h 4m 44s | Remaining: 0h 0m 24s
93% | Elapsed: 0h 4m 47s | Remaining: 0h 0m 21s
94% | Elapsed: 0h 4m 51s | Remaining: 0h 0m 18s
95% | Elapsed: 0h 4m 54s | Remaining: 0h 0m 15s
96% | Elapsed: 0h 4m 56s | Remaining: 0h 0m 12s
97% | Elapsed: 0h 4m 59s | Remaining: 0h 0m 9s
98% | Elapsed: 0h 5m 3s | Remaining: 0h 0m 6s
99% | Elapsed: 0h 5m 7s | Remaining: 0h 0m 3s
100% | Elapsed: 0h 5m 10s | Remaining: 0h 0m 0s
Saved part 0 to HardQCD_Pt15to7000_Oniaoff_CR0_PYTHIA8311_Chunk19_Part0.root (valid: 105153, processed: 199000, final part)

Processing completed successfully!
Total events processed: 199000
Total parts created: 0

Job finished. Chunk 19 done.
