=========================================
 Job environment
=========================================
  Hostname:  b9g12p8705.cern.ch
  Input dir: /eos/cms/store/group/phys_smp/ec/shuangyu/Jpsi/HardQCD_Pt15to7000_Oniaoff_CR0_PYTHIA8311
  Output:    HardQCD_Pt15to7000_Oniaoff_CR0_PYTHIA8311
  Chunk:     16 / 20
  Radius:    0.4
=========================================
Setting up CMSSW environment...
Compiling eec.cpp ...
Compilation done.
Running: ./eec -i /eos/cms/store/group/phys_smp/ec/shuangyu/Jpsi/HardQCD_Pt15to7000_Oniaoff_CR0_PYTHIA8311 -o HardQCD_Pt15to7000_Oniaoff_CR0_PYTHIA8311 -n 20 -e 16 -r 0.4
Processing files 3200 to 3399 (out of 4000)
Total events in this chunk: 197000
#--------------------------------------------------------------------------
#                         FastJet release 3.4.1
#                 M. Cacciari, G.P. Salam and G. Soyez                  
#     A software package for jet finding and analysis at colliders      
#                           http://fastjet.fr                           
#	                                                                      
# Please cite EPJC72(2012)1896 [arXiv:1111.6097] if you use this package
# for scientific work and optionally PLB641(2006)57 [hep-ph/0512210].   
#                                                                       
# FastJet is provided without warranty under the GNU GPL v2 or higher.  
# It uses T. Chan's closest pair algorithm, S. Fortune's Voronoi code
# and 3rd party plugin jet algorithms. See COPYING file for details.
#--------------------------------------------------------------------------
1% | Elapsed: 0h 0m 4s | Remaining: 0h 6m 36s
2% | Elapsed: 0h 0m 7s | Remaining: 0h 5m 43s
3% | Elapsed: 0h 0m 11s | Remaining: 0h 5m 55s
4% | Elapsed: 0h 0m 15s | Remaining: 0h 6m 0s
5% | Elapsed: 0h 0m 19s | Remaining: 0h 6m 1s
6% | Elapsed: 0h 0m 23s | Remaining: 0h 6m 0s
7% | Elapsed: 0h 0m 26s | Remaining: 0h 5m 45s
8% | Elapsed: 0h 0m 31s | Remaining: 0h 5m 56s
9% | Elapsed: 0h 0m 35s | Remaining: 0h 5m 53s
10% | Elapsed: 0h 0m 38s | Remaining: 0h 5m 42s
11% | Elapsed: 0h 0m 42s | Remaining: 0h 5m 39s
12% | Elapsed: 0h 0m 47s | Remaining: 0h 5m 44s
13% | Elapsed: 0h 0m 50s | Remaining: 0h 5m 34s
14% | Elapsed: 0h 0m 54s | Remaining: 0h 5m 31s
15% | Elapsed: 0h 0m 58s | Remaining: 0h 5m 28s
16% | Elapsed: 0h 1m 2s | Remaining: 0h 5m 25s
17% | Elapsed: 0h 1m 7s | Remaining: 0h 5m 27s
18% | Elapsed: 0h 1m 11s | Remaining: 0h 5m 23s
19% | Elapsed: 0h 1m 15s | Remaining: 0h 5m 19s
20% | Elapsed: 0h 1m 20s | Remaining: 0h 5m 20s
21% | Elapsed: 0h 1m 24s | Remaining: 0h 5m 16s
22% | Elapsed: 0h 1m 27s | Remaining: 0h 5m 8s
23% | Elapsed: 0h 1m 31s | Remaining: 0h 5m 4s
24% | Elapsed: 0h 1m 35s | Remaining: 0h 5m 0s
25% | Elapsed: 0h 1m 39s | Remaining: 0h 4m 57s
26% | Elapsed: 0h 1m 43s | Remaining: 0h 4m 53s
27% | Elapsed: 0h 1m 47s | Remaining: 0h 4m 49s
28% | Elapsed: 0h 1m 51s | Remaining: 0h 4m 45s
29% | Elapsed: 0h 1m 55s | Remaining: 0h 4m 41s
30% | Elapsed: 0h 1m 59s | Remaining: 0h 4m 37s
31% | Elapsed: 0h 2m 3s | Remaining: 0h 4m 33s
32% | Elapsed: 0h 2m 7s | Remaining: 0h 4m 29s
33% | Elapsed: 0h 2m 11s | Remaining: 0h 4m 25s
34% | Elapsed: 0h 2m 15s | Remaining: 0h 4m 22s
35% | Elapsed: 0h 2m 19s | Remaining: 0h 4m 18s
36% | Elapsed: 0h 2m 23s | Remaining: 0h 4m 14s
37% | Elapsed: 0h 2m 27s | Remaining: 0h 4m 10s
38% | Elapsed: 0h 2m 31s | Remaining: 0h 4m 6s
39% | Elapsed: 0h 2m 35s | Remaining: 0h 4m 2s
40% | Elapsed: 0h 2m 38s | Remaining: 0h 3m 57s
41% | Elapsed: 0h 2m 43s | Remaining: 0h 3m 54s
42% | Elapsed: 0h 2m 47s | Remaining: 0h 3m 50s
43% | Elapsed: 0h 2m 51s | Remaining: 0h 3m 46s
44% | Elapsed: 0h 2m 55s | Remaining: 0h 3m 42s
45% | Elapsed: 0h 2m 59s | Remaining: 0h 3m 38s
46% | Elapsed: 0h 3m 4s | Remaining: 0h 3m 36s
47% | Elapsed: 0h 3m 8s | Remaining: 0h 3m 32s
48% | Elapsed: 0h 3m 11s | Remaining: 0h 3m 26s
49% | Elapsed: 0h 3m 15s | Remaining: 0h 3m 22s
50% | Elapsed: 0h 3m 19s | Remaining: 0h 3m 19s
51% | Elapsed: 0h 3m 23s | Remaining: 0h 3m 15s
52% | Elapsed: 0h 3m 27s | Remaining: 0h 3m 11s
53% | Elapsed: 0h 3m 31s | Remaining: 0h 3m 7s
54% | Elapsed: 0h 3m 34s | Remaining: 0h 3m 2s
55% | Elapsed: 0h 3m 39s | Remaining: 0h 2m 59s
56% | Elapsed: 0h 3m 43s | Remaining: 0h 2m 55s
57% | Elapsed: 0h 3m 46s | Remaining: 0h 2m 50s
58% | Elapsed: 0h 3m 51s | Remaining: 0h 2m 47s
59% | Elapsed: 0h 3m 54s | Remaining: 0h 2m 42s
60% | Elapsed: 0h 3m 58s | Remaining: 0h 2m 38s
61% | Elapsed: 0h 4m 2s | Remaining: 0h 2m 34s
62% | Elapsed: 0h 4m 6s | Remaining: 0h 2m 30s
63% | Elapsed: 0h 4m 9s | Remaining: 0h 2m 26s
64% | Elapsed: 0h 4m 13s | Remaining: 0h 2m 22s
65% | Elapsed: 0h 4m 17s | Remaining: 0h 2m 18s
66% | Elapsed: 0h 4m 21s | Remaining: 0h 2m 14s
67% | Elapsed: 0h 4m 24s | Remaining: 0h 2m 10s
68% | Elapsed: 0h 4m 28s | Remaining: 0h 2m 6s
69% | Elapsed: 0h 4m 32s | Remaining: 0h 2m 2s
70% | Elapsed: 0h 4m 35s | Remaining: 0h 1m 57s
71% | Elapsed: 0h 4m 39s | Remaining: 0h 1m 53s
72% | Elapsed: 0h 4m 43s | Remaining: 0h 1m 50s
73% | Elapsed: 0h 4m 46s | Remaining: 0h 1m 45s
74% | Elapsed: 0h 4m 50s | Remaining: 0h 1m 41s
75% | Elapsed: 0h 4m 54s | Remaining: 0h 1m 38s
76% | Elapsed: 0h 4m 57s | Remaining: 0h 1m 33s
77% | Elapsed: 0h 5m 1s | Remaining: 0h 1m 29s
78% | Elapsed: 0h 5m 6s | Remaining: 0h 1m 26s
79% | Elapsed: 0h 5m 10s | Remaining: 0h 1m 22s
80% | Elapsed: 0h 5m 14s | Remaining: 0h 1m 18s
81% | Elapsed: 0h 5m 18s | Remaining: 0h 1m 14s
82% | Elapsed: 0h 5m 21s | Remaining: 0h 1m 10s
83% | Elapsed: 0h 5m 25s | Remaining: 0h 1m 6s
84% | Elapsed: 0h 5m 29s | Remaining: 0h 1m 2s
85% | Elapsed: 0h 5m 33s | Remaining: 0h 0m 58s
86% | Elapsed: 0h 5m 36s | Remaining: 0h 0m 54s
87% | Elapsed: 0h 5m 40s | Remaining: 0h 0m 50s
88% | Elapsed: 0h 5m 44s | Remaining: 0h 0m 46s
89% | Elapsed: 0h 5m 48s | Remaining: 0h 0m 43s
90% | Elapsed: 0h 5m 52s | Remaining: 0h 0m 39s
91% | Elapsed: 0h 5m 56s | Remaining: 0h 0m 35s
92% | Elapsed: 0h 6m 0s | Remaining: 0h 0m 31s
93% | Elapsed: 0h 6m 4s | Remaining: 0h 0m 27s
94% | Elapsed: 0h 6m 8s | Remaining: 0h 0m 23s
95% | Elapsed: 0h 6m 12s | Remaining: 0h 0m 19s
96% | Elapsed: 0h 6m 15s | Remaining: 0h 0m 15s
97% | Elapsed: 0h 6m 19s | Remaining: 0h 0m 11s
98% | Elapsed: 0h 6m 23s | Remaining: 0h 0m 7s
99% | Elapsed: 0h 6m 26s | Remaining: 0h 0m 3s
100% | Elapsed: 0h 6m 30s | Remaining: 0h 0m 0s
Saved part 0 to HardQCD_Pt15to7000_Oniaoff_CR0_PYTHIA8311_Chunk16_Part0.root (valid: 104023, processed: 197000, final part)

Processing completed successfully!
Total events processed: 197000
Total parts created: 0

Job finished. Chunk 16 done.
