In file included from eec.cpp:4:
include/CharmoniumInfo.h: In member function 'virtual Int_t CharmoniumInfo::Cut(Long64_t)':
include/CharmoniumInfo.h:214:36: warning: unused parameter 'entry' [-Wunused-parameter]
  214 | Int_t CharmoniumInfo::Cut(Long64_t entry)
      |                           ~~~~~~~~~^~~~~
Warning in <TNetXNGFile::Init>: file root://eoscms.cern.ch//eos/cms/store/group/phys_smp/ec/shuangyu/Jpsi/HardQCD_Pt15to7000_Oniaon_CR1_PYTHIA8311/pythia8_jpsi_events_3242.root probably not closed, trying to recover
Warning in <TNetXNGFile::Init>: no keys recovered, file has been made a Zombie
Error in <TNetXNGFile::TNetXNGFile>: Object is in 'zombie' state
Warning in <TFile::Init>: file /eos/cms/store/group/phys_smp/ec/shuangyu/Jpsi/HardQCD_Pt15to7000_Oniaon_CR1_PYTHIA8311/pythia8_jpsi_events_3242.root probably not closed, trying to recover
Warning in <TFile::Init>: no keys recovered, file has been made a Zombie
Error in <TNetXNGFile::Open>: [ERROR] Server responded with an error: [3011] Unable to open file /eos/cms/store/group/phys_smp/ec/shuangyu/Jpsi/HardQCD_Pt15to7000_Oniaon_CR1_PYTHIA8311/pythia8_jpsi_events_3244.root; No such file or directory

SysError in <TFile::ReadBuffer>: error reading from file /eos/cms/store/group/phys_smp/ec/shuangyu/Jpsi/HardQCD_Pt15to7000_Oniaon_CR1_PYTHIA8311/pythia8_jpsi_events_3244.root Input/output error
Error in <TFile::Init>: /eos/cms/store/group/phys_smp/ec/shuangyu/Jpsi/HardQCD_Pt15to7000_Oniaon_CR1_PYTHIA8311/pythia8_jpsi_events_3244.root failed to read the file type data.
Warning in <TNetXNGFile::Init>: file root://eoscms.cern.ch//eos/cms/store/group/phys_smp/ec/shuangyu/Jpsi/HardQCD_Pt15to7000_Oniaon_CR1_PYTHIA8311/pythia8_jpsi_events_3318.root probably not closed, trying to recover
Warning in <TNetXNGFile::Init>: no keys recovered, file has been made a Zombie
Error in <TNetXNGFile::TNetXNGFile>: Object is in 'zombie' state
Warning in <TFile::Init>: file /eos/cms/store/group/phys_smp/ec/shuangyu/Jpsi/HardQCD_Pt15to7000_Oniaon_CR1_PYTHIA8311/pythia8_jpsi_events_3318.root probably not closed, trying to recover
Warning in <TFile::Init>: no keys recovered, file has been made a Zombie
Warning in <TNetXNGFile::Init>: file root://eoscms.cern.ch//eos/cms/store/group/phys_smp/ec/shuangyu/Jpsi/HardQCD_Pt15to7000_Oniaon_CR1_PYTHIA8311/pythia8_jpsi_events_3355.root probably not closed, trying to recover
Warning in <TNetXNGFile::Init>: no keys recovered, file has been made a Zombie
Error in <TNetXNGFile::TNetXNGFile>: Object is in 'zombie' state
Warning in <TFile::Init>: file /eos/cms/store/group/phys_smp/ec/shuangyu/Jpsi/HardQCD_Pt15to7000_Oniaon_CR1_PYTHIA8311/pythia8_jpsi_events_3355.root probably not closed, trying to recover
Warning in <TFile::Init>: no keys recovered, file has been made a Zombie
Warning in <TNetXNGFile::Init>: file root://eoscms.cern.ch//eos/cms/store/group/phys_smp/ec/shuangyu/Jpsi/HardQCD_Pt15to7000_Oniaon_CR1_PYTHIA8311/pythia8_jpsi_events_3364.root probably not closed, trying to recover
Warning in <TNetXNGFile::Init>: no keys recovered, file has been made a Zombie
Error in <TNetXNGFile::TNetXNGFile>: Object is in 'zombie' state
Warning in <TFile::Init>: file /eos/cms/store/group/phys_smp/ec/shuangyu/Jpsi/HardQCD_Pt15to7000_Oniaon_CR1_PYTHIA8311/pythia8_jpsi_events_3364.root probably not closed, trying to recover
Warning in <TFile::Init>: no keys recovered, file has been made a Zombie
Warning in <TNetXNGFile::Init>: file root://eoscms.cern.ch//eos/cms/store/group/phys_smp/ec/shuangyu/Jpsi/HardQCD_Pt15to7000_Oniaon_CR1_PYTHIA8311/pythia8_jpsi_events_3395.root probably not closed, trying to recover
Warning in <TNetXNGFile::Init>: no keys recovered, file has been made a Zombie
Error in <TNetXNGFile::TNetXNGFile>: Object is in 'zombie' state
Warning in <TFile::Init>: file /eos/cms/store/group/phys_smp/ec/shuangyu/Jpsi/HardQCD_Pt15to7000_Oniaon_CR1_PYTHIA8311/pythia8_jpsi_events_3395.root probably not closed, trying to recover
Warning in <TFile::Init>: no keys recovered, file has been made a Zombie
Warning in <TNetXNGFile::Init>: file root://eoscms.cern.ch//eos/cms/store/group/phys_smp/ec/shuangyu/Jpsi/HardQCD_Pt15to7000_Oniaon_CR1_PYTHIA8311/pythia8_jpsi_events_3242.root probably not closed, trying to recover
Warning in <TNetXNGFile::Init>: no keys recovered, file has been made a Zombie
Error in <TNetXNGFile::TNetXNGFile>: Object is in 'zombie' state
Warning in <TFile::Init>: file /eos/cms/store/group/phys_smp/ec/shuangyu/Jpsi/HardQCD_Pt15to7000_Oniaon_CR1_PYTHIA8311/pythia8_jpsi_events_3242.root probably not closed, trying to recover
Warning in <TFile::Init>: no keys recovered, file has been made a Zombie
Error in <TNetXNGFile::Open>: [ERROR] Server responded with an error: [3011] Unable to open file /eos/cms/store/group/phys_smp/ec/shuangyu/Jpsi/HardQCD_Pt15to7000_Oniaon_CR1_PYTHIA8311/pythia8_jpsi_events_3244.root; No such file or directory

SysError in <TFile::ReadBuffer>: error reading from file /eos/cms/store/group/phys_smp/ec/shuangyu/Jpsi/HardQCD_Pt15to7000_Oniaon_CR1_PYTHIA8311/pythia8_jpsi_events_3244.root No such file or directory
Error in <TFile::Init>: /eos/cms/store/group/phys_smp/ec/shuangyu/Jpsi/HardQCD_Pt15to7000_Oniaon_CR1_PYTHIA8311/pythia8_jpsi_events_3244.root failed to read the file type data.
Warning in <TNetXNGFile::Init>: file root://eoscms.cern.ch//eos/cms/store/group/phys_smp/ec/shuangyu/Jpsi/HardQCD_Pt15to7000_Oniaon_CR1_PYTHIA8311/pythia8_jpsi_events_3318.root probably not closed, trying to recover
Warning in <TNetXNGFile::Init>: no keys recovered, file has been made a Zombie
Error in <TNetXNGFile::TNetXNGFile>: Object is in 'zombie' state
Warning in <TFile::Init>: file /eos/cms/store/group/phys_smp/ec/shuangyu/Jpsi/HardQCD_Pt15to7000_Oniaon_CR1_PYTHIA8311/pythia8_jpsi_events_3318.root probably not closed, trying to recover
Warning in <TFile::Init>: no keys recovered, file has been made a Zombie
Warning in <TNetXNGFile::Init>: file root://eoscms.cern.ch//eos/cms/store/group/phys_smp/ec/shuangyu/Jpsi/HardQCD_Pt15to7000_Oniaon_CR1_PYTHIA8311/pythia8_jpsi_events_3355.root probably not closed, trying to recover
Warning in <TNetXNGFile::Init>: no keys recovered, file has been made a Zombie
Error in <TNetXNGFile::TNetXNGFile>: Object is in 'zombie' state
Warning in <TFile::Init>: file /eos/cms/store/group/phys_smp/ec/shuangyu/Jpsi/HardQCD_Pt15to7000_Oniaon_CR1_PYTHIA8311/pythia8_jpsi_events_3355.root probably not closed, trying to recover
Warning in <TFile::Init>: no keys recovered, file has been made a Zombie
Warning in <TNetXNGFile::Init>: file root://eoscms.cern.ch//eos/cms/store/group/phys_smp/ec/shuangyu/Jpsi/HardQCD_Pt15to7000_Oniaon_CR1_PYTHIA8311/pythia8_jpsi_events_3364.root probably not closed, trying to recover
Warning in <TNetXNGFile::Init>: no keys recovered, file has been made a Zombie
Error in <TNetXNGFile::TNetXNGFile>: Object is in 'zombie' state
Warning in <TFile::Init>: file /eos/cms/store/group/phys_smp/ec/shuangyu/Jpsi/HardQCD_Pt15to7000_Oniaon_CR1_PYTHIA8311/pythia8_jpsi_events_3364.root probably not closed, trying to recover
Warning in <TFile::Init>: no keys recovered, file has been made a Zombie
Warning in <TNetXNGFile::Init>: file root://eoscms.cern.ch//eos/cms/store/group/phys_smp/ec/shuangyu/Jpsi/HardQCD_Pt15to7000_Oniaon_CR1_PYTHIA8311/pythia8_jpsi_events_3395.root probably not closed, trying to recover
Warning in <TNetXNGFile::Init>: no keys recovered, file has been made a Zombie
Error in <TNetXNGFile::TNetXNGFile>: Object is in 'zombie' state
Warning in <TFile::Init>: file /eos/cms/store/group/phys_smp/ec/shuangyu/Jpsi/HardQCD_Pt15to7000_Oniaon_CR1_PYTHIA8311/pythia8_jpsi_events_3395.root probably not closed, trying to recover
Warning in <TFile::Init>: no keys recovered, file has been made a Zombie
