=========================================
 Job environment
=========================================
  Hostname:  b9g12p6868.cern.ch
  Input dir: /eos/cms/store/group/phys_smp/ec/shuangyu/Jpsi/HardQCD_Pt15to7000_Oniaoff_CR0_PYTHIA8311
  Output:    HardQCD_Pt15to7000_Oniaoff_CR0_PYTHIA8311
  Chunk:     17 / 20
  Radius:    0.4
=========================================
Setting up CMSSW environment...
Compiling eec.cpp ...
Compilation done.
Running: ./eec -i /eos/cms/store/group/phys_smp/ec/shuangyu/Jpsi/HardQCD_Pt15to7000_Oniaoff_CR0_PYTHIA8311 -o HardQCD_Pt15to7000_Oniaoff_CR0_PYTHIA8311 -n 20 -e 17 -r 0.4
Processing files 3400 to 3599 (out of 4000)
Total events in this chunk: 200000
#--------------------------------------------------------------------------
#                         FastJet release 3.4.1
#                 M. Cacciari, G.P. Salam and G. Soyez                  
#     A software package for jet finding and analysis at colliders      
#                           http://fastjet.fr                           
#	                                                                      
# Please cite EPJC72(2012)1896 [arXiv:1111.6097] if you use this package
# for scientific work and optionally PLB641(2006)57 [hep-ph/0512210].   
#                                                                       
# FastJet is provided without warranty under the GNU GPL v2 or higher.  
# It uses T. Chan's closest pair algorithm, S. Fortune's Voronoi code
# and 3rd party plugin jet algorithms. See COPYING file for details.
#--------------------------------------------------------------------------
1% | Elapsed: 0h 0m 4s | Remaining: 0h 6m 36s
2% | Elapsed: 0h 0m 7s | Remaining: 0h 5m 43s
3% | Elapsed: 0h 0m 11s | Remaining: 0h 5m 55s
4% | Elapsed: 0h 0m 15s | Remaining: 0h 6m 0s
5% | Elapsed: 0h 0m 19s | Remaining: 0h 6m 1s
6% | Elapsed: 0h 0m 24s | Remaining: 0h 6m 16s
7% | Elapsed: 0h 0m 27s | Remaining: 0h 5m 58s
8% | Elapsed: 0h 0m 32s | Remaining: 0h 6m 8s
9% | Elapsed: 0h 0m 35s | Remaining: 0h 5m 53s
10% | Elapsed: 0h 0m 39s | Remaining: 0h 5m 51s
11% | Elapsed: 0h 0m 43s | Remaining: 0h 5m 47s
12% | Elapsed: 0h 0m 47s | Remaining: 0h 5m 44s
13% | Elapsed: 0h 0m 51s | Remaining: 0h 5m 41s
14% | Elapsed: 0h 0m 55s | Remaining: 0h 5m 37s
15% | Elapsed: 0h 0m 58s | Remaining: 0h 5m 28s
16% | Elapsed: 0h 1m 3s | Remaining: 0h 5m 30s
17% | Elapsed: 0h 1m 7s | Remaining: 0h 5m 27s
18% | Elapsed: 0h 1m 10s | Remaining: 0h 5m 18s
19% | Elapsed: 0h 1m 14s | Remaining: 0h 5m 15s
20% | Elapsed: 0h 1m 18s | Remaining: 0h 5m 12s
21% | Elapsed: 0h 1m 22s | Remaining: 0h 5m 8s
22% | Elapsed: 0h 1m 26s | Remaining: 0h 5m 4s
23% | Elapsed: 0h 1m 30s | Remaining: 0h 5m 1s
24% | Elapsed: 0h 1m 34s | Remaining: 0h 4m 57s
25% | Elapsed: 0h 1m 38s | Remaining: 0h 4m 54s
26% | Elapsed: 0h 1m 42s | Remaining: 0h 4m 50s
27% | Elapsed: 0h 1m 46s | Remaining: 0h 4m 46s
28% | Elapsed: 0h 1m 49s | Remaining: 0h 4m 40s
29% | Elapsed: 0h 1m 53s | Remaining: 0h 4m 36s
30% | Elapsed: 0h 1m 57s | Remaining: 0h 4m 33s
31% | Elapsed: 0h 2m 1s | Remaining: 0h 4m 29s
32% | Elapsed: 0h 2m 4s | Remaining: 0h 4m 23s
33% | Elapsed: 0h 2m 8s | Remaining: 0h 4m 19s
34% | Elapsed: 0h 2m 12s | Remaining: 0h 4m 16s
35% | Elapsed: 0h 2m 16s | Remaining: 0h 4m 12s
36% | Elapsed: 0h 2m 19s | Remaining: 0h 4m 7s
37% | Elapsed: 0h 2m 23s | Remaining: 0h 4m 3s
38% | Elapsed: 0h 2m 27s | Remaining: 0h 3m 59s
39% | Elapsed: 0h 2m 31s | Remaining: 0h 3m 56s
40% | Elapsed: 0h 2m 34s | Remaining: 0h 3m 51s
41% | Elapsed: 0h 2m 38s | Remaining: 0h 3m 47s
42% | Elapsed: 0h 2m 43s | Remaining: 0h 3m 45s
43% | Elapsed: 0h 2m 46s | Remaining: 0h 3m 40s
44% | Elapsed: 0h 2m 50s | Remaining: 0h 3m 36s
45% | Elapsed: 0h 2m 55s | Remaining: 0h 3m 33s
46% | Elapsed: 0h 2m 58s | Remaining: 0h 3m 28s
47% | Elapsed: 0h 3m 3s | Remaining: 0h 3m 26s
48% | Elapsed: 0h 3m 7s | Remaining: 0h 3m 22s
49% | Elapsed: 0h 3m 11s | Remaining: 0h 3m 18s
50% | Elapsed: 0h 3m 15s | Remaining: 0h 3m 15s
51% | Elapsed: 0h 3m 19s | Remaining: 0h 3m 11s
52% | Elapsed: 0h 3m 23s | Remaining: 0h 3m 7s
53% | Elapsed: 0h 3m 27s | Remaining: 0h 3m 3s
54% | Elapsed: 0h 3m 31s | Remaining: 0h 2m 59s
55% | Elapsed: 0h 3m 35s | Remaining: 0h 2m 55s
56% | Elapsed: 0h 3m 39s | Remaining: 0h 2m 52s
57% | Elapsed: 0h 3m 43s | Remaining: 0h 2m 48s
58% | Elapsed: 0h 3m 47s | Remaining: 0h 2m 44s
59% | Elapsed: 0h 3m 51s | Remaining: 0h 2m 40s
60% | Elapsed: 0h 3m 55s | Remaining: 0h 2m 36s
61% | Elapsed: 0h 3m 58s | Remaining: 0h 2m 32s
62% | Elapsed: 0h 4m 2s | Remaining: 0h 2m 28s
63% | Elapsed: 0h 4m 7s | Remaining: 0h 2m 25s
64% | Elapsed: 0h 4m 10s | Remaining: 0h 2m 20s
65% | Elapsed: 0h 4m 15s | Remaining: 0h 2m 17s
66% | Elapsed: 0h 4m 19s | Remaining: 0h 2m 13s
67% | Elapsed: 0h 4m 23s | Remaining: 0h 2m 9s
68% | Elapsed: 0h 4m 27s | Remaining: 0h 2m 5s
69% | Elapsed: 0h 4m 31s | Remaining: 0h 2m 1s
70% | Elapsed: 0h 4m 34s | Remaining: 0h 1m 57s
71% | Elapsed: 0h 4m 38s | Remaining: 0h 1m 53s
72% | Elapsed: 0h 4m 42s | Remaining: 0h 1m 49s
73% | Elapsed: 0h 4m 46s | Remaining: 0h 1m 45s
74% | Elapsed: 0h 4m 50s | Remaining: 0h 1m 41s
75% | Elapsed: 0h 4m 54s | Remaining: 0h 1m 38s
76% | Elapsed: 0h 4m 59s | Remaining: 0h 1m 34s
77% | Elapsed: 0h 5m 3s | Remaining: 0h 1m 30s
78% | Elapsed: 0h 5m 6s | Remaining: 0h 1m 26s
79% | Elapsed: 0h 5m 10s | Remaining: 0h 1m 22s
80% | Elapsed: 0h 5m 14s | Remaining: 0h 1m 18s
81% | Elapsed: 0h 5m 18s | Remaining: 0h 1m 14s
82% | Elapsed: 0h 5m 22s | Remaining: 0h 1m 10s
83% | Elapsed: 0h 5m 26s | Remaining: 0h 1m 6s
84% | Elapsed: 0h 5m 30s | Remaining: 0h 1m 2s
85% | Elapsed: 0h 5m 34s | Remaining: 0h 0m 58s
86% | Elapsed: 0h 5m 38s | Remaining: 0h 0m 55s
87% | Elapsed: 0h 5m 42s | Remaining: 0h 0m 51s
88% | Elapsed: 0h 5m 46s | Remaining: 0h 0m 47s
89% | Elapsed: 0h 5m 50s | Remaining: 0h 0m 43s
90% | Elapsed: 0h 5m 54s | Remaining: 0h 0m 39s
91% | Elapsed: 0h 5m 58s | Remaining: 0h 0m 35s
92% | Elapsed: 0h 6m 2s | Remaining: 0h 0m 31s
93% | Elapsed: 0h 6m 6s | Remaining: 0h 0m 27s
94% | Elapsed: 0h 6m 10s | Remaining: 0h 0m 23s
95% | Elapsed: 0h 6m 14s | Remaining: 0h 0m 19s
96% | Elapsed: 0h 6m 18s | Remaining: 0h 0m 15s
97% | Elapsed: 0h 6m 22s | Remaining: 0h 0m 11s
98% | Elapsed: 0h 6m 26s | Remaining: 0h 0m 7s
99% | Elapsed: 0h 6m 30s | Remaining: 0h 0m 3s
100% | Elapsed: 0h 6m 34s | Remaining: 0h 0m 0s
Saved part 0 to HardQCD_Pt15to7000_Oniaoff_CR0_PYTHIA8311_Chunk17_Part0.root (valid: 105145, processed: 200000, final part)

Processing completed successfully!
Total events processed: 200000
Total parts created: 1

Job finished. Chunk 17 done.
