=========================================
 Job environment
=========================================
  Hostname:  b9g18p3543.cern.ch
  Input dir: /eos/cms/store/group/phys_smp/ec/shuangyu/Jpsi/HardQCD_Pt15to7000_Oniaoff_CR0_PYTHIA8309
  Output:    HardQCD_Pt15to7000_Oniaoff_CR0_PYTHIA8309
  Chunk:     19 / 20
  Radius:    0.4
=========================================
Setting up CMSSW environment...
Compiling eec.cpp ...
Compilation done.
Running: ./eec -i /eos/cms/store/group/phys_smp/ec/shuangyu/Jpsi/HardQCD_Pt15to7000_Oniaoff_CR0_PYTHIA8309 -o HardQCD_Pt15to7000_Oniaoff_CR0_PYTHIA8309 -n 20 -e 19 -r 0.4
Processing files 3800 to 3999 (out of 4000)
Total events in this chunk: 199000
#--------------------------------------------------------------------------
#                         FastJet release 3.4.1
#                 M. Cacciari, G.P. Salam and G. Soyez                  
#     A software package for jet finding and analysis at colliders      
#                           http://fastjet.fr                           
#	                                                                      
# Please cite EPJC72(2012)1896 [arXiv:1111.6097] if you use this package
# for scientific work and optionally PLB641(2006)57 [hep-ph/0512210].   
#                                                                       
# FastJet is provided without warranty under the GNU GPL v2 or higher.  
# It uses T. Chan's closest pair algorithm, S. Fortune's Voronoi code
# and 3rd party plugin jet algorithms. See COPYING file for details.
#--------------------------------------------------------------------------
1% | Elapsed: 0h 0m 3s | Remaining: 0h 4m 57s
2% | Elapsed: 0h 0m 6s | Remaining: 0h 4m 54s
3% | Elapsed: 0h 0m 10s | Remaining: 0h 5m 23s
4% | Elapsed: 0h 0m 14s | Remaining: 0h 5m 36s
5% | Elapsed: 0h 0m 17s | Remaining: 0h 5m 23s
6% | Elapsed: 0h 0m 21s | Remaining: 0h 5m 29s
7% | Elapsed: 0h 0m 25s | Remaining: 0h 5m 32s
8% | Elapsed: 0h 0m 29s | Remaining: 0h 5m 33s
9% | Elapsed: 0h 0m 32s | Remaining: 0h 5m 23s
10% | Elapsed: 0h 0m 36s | Remaining: 0h 5m 24s
11% | Elapsed: 0h 0m 40s | Remaining: 0h 5m 23s
12% | Elapsed: 0h 0m 44s | Remaining: 0h 5m 22s
13% | Elapsed: 0h 0m 48s | Remaining: 0h 5m 21s
14% | Elapsed: 0h 0m 52s | Remaining: 0h 5m 19s
15% | Elapsed: 0h 0m 55s | Remaining: 0h 5m 11s
16% | Elapsed: 0h 0m 59s | Remaining: 0h 5m 9s
17% | Elapsed: 0h 1m 3s | Remaining: 0h 5m 7s
18% | Elapsed: 0h 1m 7s | Remaining: 0h 5m 5s
19% | Elapsed: 0h 1m 10s | Remaining: 0h 4m 58s
20% | Elapsed: 0h 1m 15s | Remaining: 0h 5m 0s
21% | Elapsed: 0h 1m 19s | Remaining: 0h 4m 57s
22% | Elapsed: 0h 1m 22s | Remaining: 0h 4m 50s
23% | Elapsed: 0h 1m 26s | Remaining: 0h 4m 47s
24% | Elapsed: 0h 1m 29s | Remaining: 0h 4m 41s
25% | Elapsed: 0h 1m 33s | Remaining: 0h 4m 39s
26% | Elapsed: 0h 1m 36s | Remaining: 0h 4m 33s
27% | Elapsed: 0h 1m 40s | Remaining: 0h 4m 30s
28% | Elapsed: 0h 1m 44s | Remaining: 0h 4m 27s
29% | Elapsed: 0h 1m 48s | Remaining: 0h 4m 24s
30% | Elapsed: 0h 1m 52s | Remaining: 0h 4m 21s
31% | Elapsed: 0h 1m 55s | Remaining: 0h 4m 15s
32% | Elapsed: 0h 1m 59s | Remaining: 0h 4m 12s
33% | Elapsed: 0h 2m 2s | Remaining: 0h 4m 7s
34% | Elapsed: 0h 2m 7s | Remaining: 0h 4m 6s
35% | Elapsed: 0h 2m 11s | Remaining: 0h 4m 3s
36% | Elapsed: 0h 2m 14s | Remaining: 0h 3m 58s
37% | Elapsed: 0h 2m 18s | Remaining: 0h 3m 54s
38% | Elapsed: 0h 2m 22s | Remaining: 0h 3m 51s
39% | Elapsed: 0h 2m 26s | Remaining: 0h 3m 48s
40% | Elapsed: 0h 2m 29s | Remaining: 0h 3m 43s
41% | Elapsed: 0h 2m 34s | Remaining: 0h 3m 41s
42% | Elapsed: 0h 2m 38s | Remaining: 0h 3m 38s
43% | Elapsed: 0h 2m 42s | Remaining: 0h 3m 34s
44% | Elapsed: 0h 2m 46s | Remaining: 0h 3m 31s
45% | Elapsed: 0h 2m 50s | Remaining: 0h 3m 27s
46% | Elapsed: 0h 2m 54s | Remaining: 0h 3m 24s
47% | Elapsed: 0h 2m 57s | Remaining: 0h 3m 19s
48% | Elapsed: 0h 3m 1s | Remaining: 0h 3m 16s
49% | Elapsed: 0h 3m 6s | Remaining: 0h 3m 13s
50% | Elapsed: 0h 3m 10s | Remaining: 0h 3m 10s
51% | Elapsed: 0h 3m 13s | Remaining: 0h 3m 5s
52% | Elapsed: 0h 3m 17s | Remaining: 0h 3m 1s
53% | Elapsed: 0h 3m 21s | Remaining: 0h 2m 58s
54% | Elapsed: 0h 3m 25s | Remaining: 0h 2m 54s
55% | Elapsed: 0h 3m 28s | Remaining: 0h 2m 50s
56% | Elapsed: 0h 3m 32s | Remaining: 0h 2m 46s
57% | Elapsed: 0h 3m 36s | Remaining: 0h 2m 42s
58% | Elapsed: 0h 3m 39s | Remaining: 0h 2m 38s
59% | Elapsed: 0h 3m 43s | Remaining: 0h 2m 34s
60% | Elapsed: 0h 3m 47s | Remaining: 0h 2m 31s
61% | Elapsed: 0h 3m 50s | Remaining: 0h 2m 27s
62% | Elapsed: 0h 3m 54s | Remaining: 0h 2m 23s
63% | Elapsed: 0h 3m 58s | Remaining: 0h 2m 19s
64% | Elapsed: 0h 4m 2s | Remaining: 0h 2m 16s
65% | Elapsed: 0h 4m 6s | Remaining: 0h 2m 12s
66% | Elapsed: 0h 4m 10s | Remaining: 0h 2m 8s
67% | Elapsed: 0h 4m 13s | Remaining: 0h 2m 4s
68% | Elapsed: 0h 4m 17s | Remaining: 0h 2m 0s
69% | Elapsed: 0h 4m 21s | Remaining: 0h 1m 57s
70% | Elapsed: 0h 4m 25s | Remaining: 0h 1m 53s
71% | Elapsed: 0h 4m 28s | Remaining: 0h 1m 49s
72% | Elapsed: 0h 4m 32s | Remaining: 0h 1m 45s
73% | Elapsed: 0h 4m 36s | Remaining: 0h 1m 42s
74% | Elapsed: 0h 4m 39s | Remaining: 0h 1m 38s
75% | Elapsed: 0h 4m 43s | Remaining: 0h 1m 34s
76% | Elapsed: 0h 4m 47s | Remaining: 0h 1m 30s
77% | Elapsed: 0h 4m 51s | Remaining: 0h 1m 26s
78% | Elapsed: 0h 4m 55s | Remaining: 0h 1m 23s
79% | Elapsed: 0h 4m 58s | Remaining: 0h 1m 19s
80% | Elapsed: 0h 5m 2s | Remaining: 0h 1m 15s
81% | Elapsed: 0h 5m 8s | Remaining: 0h 1m 12s
82% | Elapsed: 0h 5m 12s | Remaining: 0h 1m 8s
83% | Elapsed: 0h 5m 16s | Remaining: 0h 1m 4s
84% | Elapsed: 0h 5m 19s | Remaining: 0h 1m 0s
85% | Elapsed: 0h 5m 23s | Remaining: 0h 0m 57s
86% | Elapsed: 0h 5m 27s | Remaining: 0h 0m 53s
87% | Elapsed: 0h 5m 31s | Remaining: 0h 0m 49s
88% | Elapsed: 0h 5m 35s | Remaining: 0h 0m 45s
89% | Elapsed: 0h 5m 39s | Remaining: 0h 0m 41s
90% | Elapsed: 0h 5m 42s | Remaining: 0h 0m 38s
91% | Elapsed: 0h 5m 46s | Remaining: 0h 0m 34s
92% | Elapsed: 0h 5m 50s | Remaining: 0h 0m 30s
93% | Elapsed: 0h 5m 55s | Remaining: 0h 0m 26s
94% | Elapsed: 0h 5m 59s | Remaining: 0h 0m 22s
95% | Elapsed: 0h 6m 3s | Remaining: 0h 0m 19s
96% | Elapsed: 0h 6m 6s | Remaining: 0h 0m 15s
97% | Elapsed: 0h 6m 10s | Remaining: 0h 0m 11s
98% | Elapsed: 0h 6m 14s | Remaining: 0h 0m 7s
99% | Elapsed: 0h 6m 18s | Remaining: 0h 0m 3s
100% | Elapsed: 0h 6m 22s | Remaining: 0h 0m 0s
Saved part 0 to HardQCD_Pt15to7000_Oniaoff_CR0_PYTHIA8309_Chunk19_Part0.root (valid: 104613, processed: 199000, final part)

Processing completed successfully!
Total events processed: 199000
Total parts created: 0

Job finished. Chunk 19 done.
