=========================================
 Job environment
=========================================
  Hostname:  b9g18p5594.cern.ch
  Input dir: /eos/cms/store/group/phys_smp/ec/shuangyu/Jpsi/HardQCD_Pt15to7000_Oniaoff_CR0_PYTHIA8309
  Output:    HardQCD_Pt15to7000_Oniaoff_CR0_PYTHIA8309
  Chunk:     15 / 20
  Radius:    0.4
=========================================
Setting up CMSSW environment...
Compiling eec.cpp ...
Compilation done.
Running: ./eec -i /eos/cms/store/group/phys_smp/ec/shuangyu/Jpsi/HardQCD_Pt15to7000_Oniaoff_CR0_PYTHIA8309 -o HardQCD_Pt15to7000_Oniaoff_CR0_PYTHIA8309 -n 20 -e 15 -r 0.4
Processing files 3000 to 3199 (out of 4000)
Total events in this chunk: 198000
#--------------------------------------------------------------------------
#                         FastJet release 3.4.1
#                 M. Cacciari, G.P. Salam and G. Soyez                  
#     A software package for jet finding and analysis at colliders      
#                           http://fastjet.fr                           
#	                                                                      
# Please cite EPJC72(2012)1896 [arXiv:1111.6097] if you use this package
# for scientific work and optionally PLB641(2006)57 [hep-ph/0512210].   
#                                                                       
# FastJet is provided without warranty under the GNU GPL v2 or higher.  
# It uses T. Chan's closest pair algorithm, S. Fortune's Voronoi code
# and 3rd party plugin jet algorithms. See COPYING file for details.
#--------------------------------------------------------------------------
1% | Elapsed: 0h 0m 3s | Remaining: 0h 4m 57s
2% | Elapsed: 0h 0m 7s | Remaining: 0h 5m 43s
3% | Elapsed: 0h 0m 10s | Remaining: 0h 5m 23s
4% | Elapsed: 0h 0m 14s | Remaining: 0h 5m 36s
5% | Elapsed: 0h 0m 17s | Remaining: 0h 5m 23s
6% | Elapsed: 0h 0m 21s | Remaining: 0h 5m 29s
7% | Elapsed: 0h 0m 24s | Remaining: 0h 5m 18s
8% | Elapsed: 0h 0m 28s | Remaining: 0h 5m 22s
9% | Elapsed: 0h 0m 31s | Remaining: 0h 5m 13s
10% | Elapsed: 0h 0m 35s | Remaining: 0h 5m 15s
11% | Elapsed: 0h 0m 38s | Remaining: 0h 5m 7s
12% | Elapsed: 0h 0m 42s | Remaining: 0h 5m 8s
13% | Elapsed: 0h 0m 46s | Remaining: 0h 5m 7s
14% | Elapsed: 0h 0m 50s | Remaining: 0h 5m 7s
15% | Elapsed: 0h 0m 53s | Remaining: 0h 5m 0s
16% | Elapsed: 0h 0m 57s | Remaining: 0h 4m 59s
17% | Elapsed: 0h 1m 0s | Remaining: 0h 4m 52s
18% | Elapsed: 0h 1m 4s | Remaining: 0h 4m 51s
19% | Elapsed: 0h 1m 8s | Remaining: 0h 4m 49s
20% | Elapsed: 0h 1m 11s | Remaining: 0h 4m 44s
21% | Elapsed: 0h 1m 15s | Remaining: 0h 4m 42s
22% | Elapsed: 0h 1m 19s | Remaining: 0h 4m 40s
23% | Elapsed: 0h 1m 22s | Remaining: 0h 4m 34s
24% | Elapsed: 0h 1m 26s | Remaining: 0h 4m 32s
25% | Elapsed: 0h 1m 30s | Remaining: 0h 4m 30s
26% | Elapsed: 0h 1m 33s | Remaining: 0h 4m 24s
27% | Elapsed: 0h 1m 37s | Remaining: 0h 4m 22s
28% | Elapsed: 0h 1m 40s | Remaining: 0h 4m 17s
29% | Elapsed: 0h 1m 44s | Remaining: 0h 4m 14s
30% | Elapsed: 0h 1m 48s | Remaining: 0h 4m 12s
31% | Elapsed: 0h 1m 52s | Remaining: 0h 4m 9s
32% | Elapsed: 0h 1m 55s | Remaining: 0h 4m 4s
33% | Elapsed: 0h 1m 59s | Remaining: 0h 4m 1s
34% | Elapsed: 0h 2m 2s | Remaining: 0h 3m 56s
35% | Elapsed: 0h 2m 6s | Remaining: 0h 3m 54s
36% | Elapsed: 0h 2m 10s | Remaining: 0h 3m 51s
37% | Elapsed: 0h 2m 13s | Remaining: 0h 3m 46s
38% | Elapsed: 0h 2m 17s | Remaining: 0h 3m 43s
39% | Elapsed: 0h 2m 20s | Remaining: 0h 3m 38s
40% | Elapsed: 0h 2m 24s | Remaining: 0h 3m 36s
41% | Elapsed: 0h 2m 28s | Remaining: 0h 3m 32s
42% | Elapsed: 0h 2m 31s | Remaining: 0h 3m 28s
43% | Elapsed: 0h 2m 35s | Remaining: 0h 3m 25s
44% | Elapsed: 0h 2m 39s | Remaining: 0h 3m 22s
45% | Elapsed: 0h 2m 42s | Remaining: 0h 3m 18s
46% | Elapsed: 0h 2m 46s | Remaining: 0h 3m 14s
47% | Elapsed: 0h 2m 50s | Remaining: 0h 3m 11s
48% | Elapsed: 0h 2m 54s | Remaining: 0h 3m 8s
49% | Elapsed: 0h 2m 58s | Remaining: 0h 3m 5s
50% | Elapsed: 0h 3m 1s | Remaining: 0h 3m 1s
51% | Elapsed: 0h 3m 5s | Remaining: 0h 2m 57s
52% | Elapsed: 0h 3m 8s | Remaining: 0h 2m 53s
53% | Elapsed: 0h 3m 12s | Remaining: 0h 2m 50s
54% | Elapsed: 0h 3m 16s | Remaining: 0h 2m 46s
55% | Elapsed: 0h 3m 19s | Remaining: 0h 2m 42s
56% | Elapsed: 0h 3m 23s | Remaining: 0h 2m 39s
57% | Elapsed: 0h 3m 27s | Remaining: 0h 2m 36s
58% | Elapsed: 0h 3m 31s | Remaining: 0h 2m 32s
59% | Elapsed: 0h 3m 35s | Remaining: 0h 2m 29s
60% | Elapsed: 0h 3m 38s | Remaining: 0h 2m 25s
61% | Elapsed: 0h 3m 42s | Remaining: 0h 2m 21s
62% | Elapsed: 0h 3m 45s | Remaining: 0h 2m 17s
63% | Elapsed: 0h 3m 49s | Remaining: 0h 2m 14s
64% | Elapsed: 0h 3m 56s | Remaining: 0h 2m 12s
65% | Elapsed: 0h 3m 59s | Remaining: 0h 2m 8s
66% | Elapsed: 0h 4m 2s | Remaining: 0h 2m 4s
67% | Elapsed: 0h 4m 6s | Remaining: 0h 2m 1s
68% | Elapsed: 0h 4m 10s | Remaining: 0h 1m 57s
69% | Elapsed: 0h 4m 13s | Remaining: 0h 1m 53s
70% | Elapsed: 0h 4m 17s | Remaining: 0h 1m 50s
71% | Elapsed: 0h 4m 21s | Remaining: 0h 1m 46s
72% | Elapsed: 0h 4m 24s | Remaining: 0h 1m 42s
73% | Elapsed: 0h 4m 28s | Remaining: 0h 1m 39s
74% | Elapsed: 0h 4m 32s | Remaining: 0h 1m 35s
75% | Elapsed: 0h 4m 36s | Remaining: 0h 1m 32s
76% | Elapsed: 0h 4m 39s | Remaining: 0h 1m 28s
77% | Elapsed: 0h 4m 43s | Remaining: 0h 1m 24s
78% | Elapsed: 0h 4m 47s | Remaining: 0h 1m 20s
79% | Elapsed: 0h 4m 50s | Remaining: 0h 1m 17s
80% | Elapsed: 0h 4m 53s | Remaining: 0h 1m 13s
81% | Elapsed: 0h 4m 57s | Remaining: 0h 1m 9s
82% | Elapsed: 0h 5m 1s | Remaining: 0h 1m 6s
83% | Elapsed: 0h 5m 4s | Remaining: 0h 1m 2s
84% | Elapsed: 0h 5m 8s | Remaining: 0h 0m 58s
85% | Elapsed: 0h 5m 12s | Remaining: 0h 0m 55s
86% | Elapsed: 0h 5m 16s | Remaining: 0h 0m 51s
87% | Elapsed: 0h 5m 19s | Remaining: 0h 0m 47s
88% | Elapsed: 0h 5m 23s | Remaining: 0h 0m 44s
89% | Elapsed: 0h 5m 26s | Remaining: 0h 0m 40s
90% | Elapsed: 0h 5m 30s | Remaining: 0h 0m 36s
91% | Elapsed: 0h 5m 33s | Remaining: 0h 0m 32s
92% | Elapsed: 0h 5m 37s | Remaining: 0h 0m 29s
93% | Elapsed: 0h 5m 41s | Remaining: 0h 0m 25s
94% | Elapsed: 0h 5m 44s | Remaining: 0h 0m 21s
95% | Elapsed: 0h 5m 48s | Remaining: 0h 0m 18s
96% | Elapsed: 0h 5m 52s | Remaining: 0h 0m 14s
97% | Elapsed: 0h 5m 55s | Remaining: 0h 0m 10s
98% | Elapsed: 0h 5m 59s | Remaining: 0h 0m 7s
99% | Elapsed: 0h 6m 3s | Remaining: 0h 0m 3s
100% | Elapsed: 0h 6m 6s | Remaining: 0h 0m 0s
Saved part 0 to HardQCD_Pt15to7000_Oniaoff_CR0_PYTHIA8309_Chunk15_Part0.root (valid: 104481, processed: 198000, final part)

Processing completed successfully!
Total events processed: 198000
Total parts created: 0

Job finished. Chunk 15 done.
