=========================================
 Job environment
=========================================
  Hostname:  b9g12p5821.cern.ch
  Input dir: /eos/cms/store/group/phys_smp/ec/shuangyu/Jpsi/HardQCD_Pt15to7000_Oniaon_CR1_PYTHIA8311
  Output:    HardQCD_Pt15to7000_Oniaon_CR1_PYTHIA8311
  Chunk:     9 / 20
  Radius:    0.4
=========================================
Setting up CMSSW environment...
Compiling eec.cpp ...
Compilation done.
Running: ./eec -i /eos/cms/store/group/phys_smp/ec/shuangyu/Jpsi/HardQCD_Pt15to7000_Oniaon_CR1_PYTHIA8311 -o HardQCD_Pt15to7000_Oniaon_CR1_PYTHIA8311 -n 20 -e 9 -r 0.4
Processing files 1593 to 1769 (out of 3522)
Total events in this chunk: 173000
#--------------------------------------------------------------------------
#                         FastJet release 3.4.1
#                 M. Cacciari, G.P. Salam and G. Soyez                  
#     A software package for jet finding and analysis at colliders      
#                           http://fastjet.fr                           
#	                                                                      
# Please cite EPJC72(2012)1896 [arXiv:1111.6097] if you use this package
# for scientific work and optionally PLB641(2006)57 [hep-ph/0512210].   
#                                                                       
# FastJet is provided without warranty under the GNU GPL v2 or higher.  
# It uses T. Chan's closest pair algorithm, S. Fortune's Voronoi code
# and 3rd party plugin jet algorithms. See COPYING file for details.
#--------------------------------------------------------------------------
1% | Elapsed: 0h 0m 3s | Remaining: 0h 4m 57s
2% | Elapsed: 0h 0m 7s | Remaining: 0h 5m 43s
3% | Elapsed: 0h 0m 10s | Remaining: 0h 5m 23s
4% | Elapsed: 0h 0m 13s | Remaining: 0h 5m 12s
5% | Elapsed: 0h 0m 17s | Remaining: 0h 5m 23s
6% | Elapsed: 0h 0m 21s | Remaining: 0h 5m 29s
7% | Elapsed: 0h 0m 24s | Remaining: 0h 5m 18s
8% | Elapsed: 0h 0m 27s | Remaining: 0h 5m 10s
9% | Elapsed: 0h 0m 31s | Remaining: 0h 5m 13s
10% | Elapsed: 0h 0m 34s | Remaining: 0h 5m 6s
11% | Elapsed: 0h 0m 38s | Remaining: 0h 5m 7s
12% | Elapsed: 0h 0m 41s | Remaining: 0h 5m 0s
13% | Elapsed: 0h 0m 45s | Remaining: 0h 5m 1s
14% | Elapsed: 0h 0m 48s | Remaining: 0h 4m 54s
15% | Elapsed: 0h 0m 52s | Remaining: 0h 4m 54s
16% | Elapsed: 0h 0m 55s | Remaining: 0h 4m 48s
17% | Elapsed: 0h 0m 59s | Remaining: 0h 4m 48s
18% | Elapsed: 0h 1m 2s | Remaining: 0h 4m 42s
19% | Elapsed: 0h 1m 6s | Remaining: 0h 4m 41s
20% | Elapsed: 0h 1m 9s | Remaining: 0h 4m 36s
21% | Elapsed: 0h 1m 13s | Remaining: 0h 4m 34s
22% | Elapsed: 0h 1m 16s | Remaining: 0h 4m 29s
23% | Elapsed: 0h 1m 20s | Remaining: 0h 4m 27s
24% | Elapsed: 0h 1m 23s | Remaining: 0h 4m 22s
25% | Elapsed: 0h 1m 27s | Remaining: 0h 4m 21s
26% | Elapsed: 0h 1m 30s | Remaining: 0h 4m 16s
27% | Elapsed: 0h 1m 34s | Remaining: 0h 4m 14s
28% | Elapsed: 0h 1m 37s | Remaining: 0h 4m 9s
29% | Elapsed: 0h 1m 41s | Remaining: 0h 4m 7s
30% | Elapsed: 0h 1m 44s | Remaining: 0h 4m 2s
31% | Elapsed: 0h 1m 48s | Remaining: 0h 4m 0s
32% | Elapsed: 0h 1m 51s | Remaining: 0h 3m 55s
33% | Elapsed: 0h 1m 55s | Remaining: 0h 3m 53s
34% | Elapsed: 0h 1m 58s | Remaining: 0h 3m 49s
35% | Elapsed: 0h 2m 1s | Remaining: 0h 3m 44s
36% | Elapsed: 0h 2m 5s | Remaining: 0h 3m 42s
37% | Elapsed: 0h 2m 9s | Remaining: 0h 3m 39s
38% | Elapsed: 0h 2m 12s | Remaining: 0h 3m 35s
39% | Elapsed: 0h 2m 16s | Remaining: 0h 3m 32s
40% | Elapsed: 0h 2m 19s | Remaining: 0h 3m 28s
41% | Elapsed: 0h 2m 23s | Remaining: 0h 3m 25s
42% | Elapsed: 0h 2m 27s | Remaining: 0h 3m 23s
43% | Elapsed: 0h 2m 30s | Remaining: 0h 3m 18s
44% | Elapsed: 0h 2m 34s | Remaining: 0h 3m 16s
45% | Elapsed: 0h 2m 37s | Remaining: 0h 3m 11s
46% | Elapsed: 0h 2m 41s | Remaining: 0h 3m 9s
47% | Elapsed: 0h 2m 45s | Remaining: 0h 3m 6s
48% | Elapsed: 0h 2m 48s | Remaining: 0h 3m 2s
49% | Elapsed: 0h 2m 52s | Remaining: 0h 2m 59s
50% | Elapsed: 0h 2m 56s | Remaining: 0h 2m 56s
51% | Elapsed: 0h 2m 59s | Remaining: 0h 2m 51s
52% | Elapsed: 0h 3m 2s | Remaining: 0h 2m 48s
53% | Elapsed: 0h 3m 6s | Remaining: 0h 2m 44s
54% | Elapsed: 0h 3m 10s | Remaining: 0h 2m 41s
55% | Elapsed: 0h 3m 13s | Remaining: 0h 2m 37s
56% | Elapsed: 0h 3m 17s | Remaining: 0h 2m 34s
57% | Elapsed: 0h 3m 20s | Remaining: 0h 2m 30s
58% | Elapsed: 0h 3m 24s | Remaining: 0h 2m 27s
59% | Elapsed: 0h 3m 27s | Remaining: 0h 2m 23s
60% | Elapsed: 0h 3m 30s | Remaining: 0h 2m 20s
61% | Elapsed: 0h 3m 34s | Remaining: 0h 2m 16s
62% | Elapsed: 0h 3m 37s | Remaining: 0h 2m 13s
63% | Elapsed: 0h 3m 41s | Remaining: 0h 2m 9s
64% | Elapsed: 0h 3m 44s | Remaining: 0h 2m 6s
65% | Elapsed: 0h 3m 47s | Remaining: 0h 2m 2s
66% | Elapsed: 0h 3m 51s | Remaining: 0h 1m 59s
67% | Elapsed: 0h 3m 55s | Remaining: 0h 1m 55s
68% | Elapsed: 0h 3m 58s | Remaining: 0h 1m 52s
69% | Elapsed: 0h 4m 3s | Remaining: 0h 1m 49s
70% | Elapsed: 0h 4m 7s | Remaining: 0h 1m 45s
71% | Elapsed: 0h 4m 10s | Remaining: 0h 1m 42s
72% | Elapsed: 0h 4m 14s | Remaining: 0h 1m 38s
73% | Elapsed: 0h 4m 17s | Remaining: 0h 1m 35s
74% | Elapsed: 0h 4m 20s | Remaining: 0h 1m 31s
75% | Elapsed: 0h 4m 24s | Remaining: 0h 1m 28s
76% | Elapsed: 0h 4m 27s | Remaining: 0h 1m 24s
77% | Elapsed: 0h 4m 31s | Remaining: 0h 1m 20s
78% | Elapsed: 0h 4m 35s | Remaining: 0h 1m 17s
79% | Elapsed: 0h 4m 38s | Remaining: 0h 1m 13s
80% | Elapsed: 0h 4m 42s | Remaining: 0h 1m 10s
81% | Elapsed: 0h 4m 45s | Remaining: 0h 1m 6s
82% | Elapsed: 0h 4m 49s | Remaining: 0h 1m 3s
83% | Elapsed: 0h 4m 52s | Remaining: 0h 0m 59s
84% | Elapsed: 0h 4m 56s | Remaining: 0h 0m 56s
85% | Elapsed: 0h 4m 59s | Remaining: 0h 0m 52s
86% | Elapsed: 0h 5m 3s | Remaining: 0h 0m 49s
87% | Elapsed: 0h 5m 6s | Remaining: 0h 0m 45s
88% | Elapsed: 0h 5m 10s | Remaining: 0h 0m 42s
89% | Elapsed: 0h 5m 13s | Remaining: 0h 0m 38s
90% | Elapsed: 0h 5m 16s | Remaining: 0h 0m 35s
91% | Elapsed: 0h 5m 20s | Remaining: 0h 0m 31s
92% | Elapsed: 0h 5m 24s | Remaining: 0h 0m 28s
93% | Elapsed: 0h 5m 27s | Remaining: 0h 0m 24s
94% | Elapsed: 0h 5m 31s | Remaining: 0h 0m 21s
95% | Elapsed: 0h 5m 35s | Remaining: 0h 0m 17s
96% | Elapsed: 0h 5m 39s | Remaining: 0h 0m 14s
97% | Elapsed: 0h 5m 43s | Remaining: 0h 0m 10s
98% | Elapsed: 0h 5m 46s | Remaining: 0h 0m 7s
99% | Elapsed: 0h 5m 50s | Remaining: 0h 0m 3s
100% | Elapsed: 0h 5m 53s | Remaining: 0h 0m 0s
Saved part 0 to HardQCD_Pt15to7000_Oniaon_CR1_PYTHIA8311_Chunk9_Part0.root (valid: 109813, processed: 173000, final part)

Processing completed successfully!
Total events processed: 173000
Total parts created: 1

Job finished. Chunk 9 done.
