=========================================
 Job environment
=========================================
  Hostname:  b9g18p1820.cern.ch
  Input dir: /eos/cms/store/group/phys_smp/ec/shuangyu/Jpsi/HardQCD_Pt15to7000_Oniaoff_CR0_PYTHIA8309
  Output:    HardQCD_Pt15to7000_Oniaoff_CR0_PYTHIA8309
  Chunk:     4 / 20
  Radius:    0.4
=========================================
Setting up CMSSW environment...
Compiling eec.cpp ...
Compilation done.
Running: ./eec -i /eos/cms/store/group/phys_smp/ec/shuangyu/Jpsi/HardQCD_Pt15to7000_Oniaoff_CR0_PYTHIA8309 -o HardQCD_Pt15to7000_Oniaoff_CR0_PYTHIA8309 -n 20 -e 4 -r 0.4
Processing files 800 to 999 (out of 4000)
Total events in this chunk: 199000
#--------------------------------------------------------------------------
#                         FastJet release 3.4.1
#                 M. Cacciari, G.P. Salam and G. Soyez                  
#     A software package for jet finding and analysis at colliders      
#                           http://fastjet.fr                           
#	                                                                      
# Please cite EPJC72(2012)1896 [arXiv:1111.6097] if you use this package
# for scientific work and optionally PLB641(2006)57 [hep-ph/0512210].   
#                                                                       
# FastJet is provided without warranty under the GNU GPL v2 or higher.  
# It uses T. Chan's closest pair algorithm, S. Fortune's Voronoi code
# and 3rd party plugin jet algorithms. See COPYING file for details.
#--------------------------------------------------------------------------
1% | Elapsed: 0h 0m 3s | Remaining: 0h 4m 57s
2% | Elapsed: 0h 0m 6s | Remaining: 0h 4m 54s
3% | Elapsed: 0h 0m 10s | Remaining: 0h 5m 23s
4% | Elapsed: 0h 0m 13s | Remaining: 0h 5m 12s
5% | Elapsed: 0h 0m 17s | Remaining: 0h 5m 23s
6% | Elapsed: 0h 0m 20s | Remaining: 0h 5m 13s
7% | Elapsed: 0h 0m 25s | Remaining: 0h 5m 32s
8% | Elapsed: 0h 0m 29s | Remaining: 0h 5m 33s
9% | Elapsed: 0h 0m 32s | Remaining: 0h 5m 23s
10% | Elapsed: 0h 0m 35s | Remaining: 0h 5m 15s
11% | Elapsed: 0h 0m 39s | Remaining: 0h 5m 15s
12% | Elapsed: 0h 0m 43s | Remaining: 0h 5m 15s
13% | Elapsed: 0h 0m 46s | Remaining: 0h 5m 7s
14% | Elapsed: 0h 0m 50s | Remaining: 0h 5m 7s
15% | Elapsed: 0h 0m 53s | Remaining: 0h 5m 0s
16% | Elapsed: 0h 0m 56s | Remaining: 0h 4m 54s
17% | Elapsed: 0h 1m 0s | Remaining: 0h 4m 52s
18% | Elapsed: 0h 1m 3s | Remaining: 0h 4m 47s
19% | Elapsed: 0h 1m 6s | Remaining: 0h 4m 41s
20% | Elapsed: 0h 1m 9s | Remaining: 0h 4m 36s
21% | Elapsed: 0h 1m 13s | Remaining: 0h 4m 34s
22% | Elapsed: 0h 1m 16s | Remaining: 0h 4m 29s
23% | Elapsed: 0h 1m 19s | Remaining: 0h 4m 24s
24% | Elapsed: 0h 1m 22s | Remaining: 0h 4m 19s
25% | Elapsed: 0h 1m 26s | Remaining: 0h 4m 18s
26% | Elapsed: 0h 1m 29s | Remaining: 0h 4m 13s
27% | Elapsed: 0h 1m 33s | Remaining: 0h 4m 11s
28% | Elapsed: 0h 1m 36s | Remaining: 0h 4m 6s
29% | Elapsed: 0h 1m 40s | Remaining: 0h 4m 4s
30% | Elapsed: 0h 1m 43s | Remaining: 0h 4m 0s
31% | Elapsed: 0h 1m 46s | Remaining: 0h 3m 55s
32% | Elapsed: 0h 1m 50s | Remaining: 0h 3m 53s
33% | Elapsed: 0h 1m 53s | Remaining: 0h 3m 49s
34% | Elapsed: 0h 1m 57s | Remaining: 0h 3m 47s
35% | Elapsed: 0h 2m 0s | Remaining: 0h 3m 42s
36% | Elapsed: 0h 2m 3s | Remaining: 0h 3m 38s
37% | Elapsed: 0h 2m 6s | Remaining: 0h 3m 34s
38% | Elapsed: 0h 2m 10s | Remaining: 0h 3m 32s
39% | Elapsed: 0h 2m 13s | Remaining: 0h 3m 28s
40% | Elapsed: 0h 2m 16s | Remaining: 0h 3m 24s
41% | Elapsed: 0h 2m 19s | Remaining: 0h 3m 20s
42% | Elapsed: 0h 2m 23s | Remaining: 0h 3m 17s
43% | Elapsed: 0h 2m 26s | Remaining: 0h 3m 13s
44% | Elapsed: 0h 2m 29s | Remaining: 0h 3m 9s
45% | Elapsed: 0h 2m 33s | Remaining: 0h 3m 7s
46% | Elapsed: 0h 2m 36s | Remaining: 0h 3m 3s
47% | Elapsed: 0h 2m 39s | Remaining: 0h 2m 59s
48% | Elapsed: 0h 2m 43s | Remaining: 0h 2m 56s
49% | Elapsed: 0h 2m 46s | Remaining: 0h 2m 52s
50% | Elapsed: 0h 2m 49s | Remaining: 0h 2m 49s
51% | Elapsed: 0h 2m 52s | Remaining: 0h 2m 45s
52% | Elapsed: 0h 2m 56s | Remaining: 0h 2m 42s
53% | Elapsed: 0h 2m 59s | Remaining: 0h 2m 38s
54% | Elapsed: 0h 3m 2s | Remaining: 0h 2m 35s
55% | Elapsed: 0h 3m 6s | Remaining: 0h 2m 32s
56% | Elapsed: 0h 3m 9s | Remaining: 0h 2m 28s
57% | Elapsed: 0h 3m 12s | Remaining: 0h 2m 24s
58% | Elapsed: 0h 3m 16s | Remaining: 0h 2m 21s
59% | Elapsed: 0h 3m 19s | Remaining: 0h 2m 18s
60% | Elapsed: 0h 3m 22s | Remaining: 0h 2m 14s
61% | Elapsed: 0h 3m 26s | Remaining: 0h 2m 11s
62% | Elapsed: 0h 3m 29s | Remaining: 0h 2m 8s
63% | Elapsed: 0h 3m 33s | Remaining: 0h 2m 5s
64% | Elapsed: 0h 3m 36s | Remaining: 0h 2m 1s
65% | Elapsed: 0h 3m 39s | Remaining: 0h 1m 57s
66% | Elapsed: 0h 3m 43s | Remaining: 0h 1m 54s
67% | Elapsed: 0h 3m 46s | Remaining: 0h 1m 51s
68% | Elapsed: 0h 3m 49s | Remaining: 0h 1m 47s
69% | Elapsed: 0h 3m 53s | Remaining: 0h 1m 44s
70% | Elapsed: 0h 3m 56s | Remaining: 0h 1m 41s
71% | Elapsed: 0h 3m 59s | Remaining: 0h 1m 37s
72% | Elapsed: 0h 4m 2s | Remaining: 0h 1m 34s
73% | Elapsed: 0h 4m 6s | Remaining: 0h 1m 30s
74% | Elapsed: 0h 4m 9s | Remaining: 0h 1m 27s
75% | Elapsed: 0h 4m 12s | Remaining: 0h 1m 24s
76% | Elapsed: 0h 4m 15s | Remaining: 0h 1m 20s
77% | Elapsed: 0h 4m 19s | Remaining: 0h 1m 17s
78% | Elapsed: 0h 4m 23s | Remaining: 0h 1m 14s
79% | Elapsed: 0h 4m 26s | Remaining: 0h 1m 10s
80% | Elapsed: 0h 4m 30s | Remaining: 0h 1m 7s
81% | Elapsed: 0h 4m 33s | Remaining: 0h 1m 4s
82% | Elapsed: 0h 4m 37s | Remaining: 0h 1m 0s
83% | Elapsed: 0h 4m 40s | Remaining: 0h 0m 57s
84% | Elapsed: 0h 4m 43s | Remaining: 0h 0m 53s
85% | Elapsed: 0h 4m 47s | Remaining: 0h 0m 50s
86% | Elapsed: 0h 4m 50s | Remaining: 0h 0m 47s
87% | Elapsed: 0h 4m 53s | Remaining: 0h 0m 43s
88% | Elapsed: 0h 4m 56s | Remaining: 0h 0m 40s
89% | Elapsed: 0h 5m 0s | Remaining: 0h 0m 37s
90% | Elapsed: 0h 5m 3s | Remaining: 0h 0m 33s
91% | Elapsed: 0h 5m 7s | Remaining: 0h 0m 30s
92% | Elapsed: 0h 5m 10s | Remaining: 0h 0m 26s
93% | Elapsed: 0h 5m 13s | Remaining: 0h 0m 23s
94% | Elapsed: 0h 5m 17s | Remaining: 0h 0m 20s
95% | Elapsed: 0h 5m 20s | Remaining: 0h 0m 16s
96% | Elapsed: 0h 5m 24s | Remaining: 0h 0m 13s
97% | Elapsed: 0h 5m 27s | Remaining: 0h 0m 10s
98% | Elapsed: 0h 5m 31s | Remaining: 0h 0m 6s
99% | Elapsed: 0h 5m 34s | Remaining: 0h 0m 3s
100% | Elapsed: 0h 5m 38s | Remaining: 0h 0m 0s
Saved part 0 to HardQCD_Pt15to7000_Oniaoff_CR0_PYTHIA8309_Chunk4_Part0.root (valid: 104495, processed: 199000, final part)

Processing completed successfully!
Total events processed: 199000
Total parts created: 1

Job finished. Chunk 4 done.
