=========================================
 Job environment
=========================================
  Hostname:  b9g12p2820.cern.ch
  Input dir: /eos/cms/store/group/phys_smp/ec/shuangyu/Jpsi/HardQCD_Pt15to7000_Oniaoff_CR0_PYTHIA8311
  Output:    HardQCD_Pt15to7000_Oniaoff_CR0_PYTHIA8311
  Chunk:     18 / 20
  Radius:    0.4
=========================================
Setting up CMSSW environment...
Compiling eec.cpp ...
Compilation done.
Running: ./eec -i /eos/cms/store/group/phys_smp/ec/shuangyu/Jpsi/HardQCD_Pt15to7000_Oniaoff_CR0_PYTHIA8311 -o HardQCD_Pt15to7000_Oniaoff_CR0_PYTHIA8311 -n 20 -e 18 -r 0.4
Processing files 3600 to 3799 (out of 4000)
Total events in this chunk: 198000
#--------------------------------------------------------------------------
#                         FastJet release 3.4.1
#                 M. Cacciari, G.P. Salam and G. Soyez                  
#     A software package for jet finding and analysis at colliders      
#                           http://fastjet.fr                           
#	                                                                      
# Please cite EPJC72(2012)1896 [arXiv:1111.6097] if you use this package
# for scientific work and optionally PLB641(2006)57 [hep-ph/0512210].   
#                                                                       
# FastJet is provided without warranty under the GNU GPL v2 or higher.  
# It uses T. Chan's closest pair algorithm, S. Fortune's Voronoi code
# and 3rd party plugin jet algorithms. See COPYING file for details.
#--------------------------------------------------------------------------
1% | Elapsed: 0h 0m 4s | Remaining: 0h 6m 36s
2% | Elapsed: 0h 0m 8s | Remaining: 0h 6m 32s
3% | Elapsed: 0h 0m 15s | Remaining: 0h 8m 5s
4% | Elapsed: 0h 0m 19s | Remaining: 0h 7m 36s
5% | Elapsed: 0h 0m 25s | Remaining: 0h 7m 55s
6% | Elapsed: 0h 0m 29s | Remaining: 0h 7m 34s
7% | Elapsed: 0h 0m 32s | Remaining: 0h 7m 5s
8% | Elapsed: 0h 0m 36s | Remaining: 0h 6m 54s
9% | Elapsed: 0h 0m 40s | Remaining: 0h 6m 44s
10% | Elapsed: 0h 0m 44s | Remaining: 0h 6m 36s
11% | Elapsed: 0h 0m 48s | Remaining: 0h 6m 28s
12% | Elapsed: 0h 0m 52s | Remaining: 0h 6m 21s
13% | Elapsed: 0h 0m 55s | Remaining: 0h 6m 8s
14% | Elapsed: 0h 0m 59s | Remaining: 0h 6m 2s
15% | Elapsed: 0h 1m 3s | Remaining: 0h 5m 57s
16% | Elapsed: 0h 1m 7s | Remaining: 0h 5m 51s
17% | Elapsed: 0h 1m 10s | Remaining: 0h 5m 41s
18% | Elapsed: 0h 1m 14s | Remaining: 0h 5m 37s
19% | Elapsed: 0h 1m 18s | Remaining: 0h 5m 32s
20% | Elapsed: 0h 1m 23s | Remaining: 0h 5m 32s
21% | Elapsed: 0h 1m 27s | Remaining: 0h 5m 27s
22% | Elapsed: 0h 1m 30s | Remaining: 0h 5m 19s
23% | Elapsed: 0h 1m 35s | Remaining: 0h 5m 18s
24% | Elapsed: 0h 1m 38s | Remaining: 0h 5m 10s
25% | Elapsed: 0h 1m 42s | Remaining: 0h 5m 6s
26% | Elapsed: 0h 1m 47s | Remaining: 0h 5m 4s
27% | Elapsed: 0h 1m 50s | Remaining: 0h 4m 57s
28% | Elapsed: 0h 1m 54s | Remaining: 0h 4m 53s
29% | Elapsed: 0h 1m 58s | Remaining: 0h 4m 48s
30% | Elapsed: 0h 2m 2s | Remaining: 0h 4m 44s
31% | Elapsed: 0h 2m 6s | Remaining: 0h 4m 40s
32% | Elapsed: 0h 2m 11s | Remaining: 0h 4m 38s
33% | Elapsed: 0h 2m 15s | Remaining: 0h 4m 34s
34% | Elapsed: 0h 2m 19s | Remaining: 0h 4m 29s
35% | Elapsed: 0h 2m 23s | Remaining: 0h 4m 25s
36% | Elapsed: 0h 2m 27s | Remaining: 0h 4m 21s
37% | Elapsed: 0h 2m 31s | Remaining: 0h 4m 17s
38% | Elapsed: 0h 2m 35s | Remaining: 0h 4m 12s
39% | Elapsed: 0h 2m 39s | Remaining: 0h 4m 8s
40% | Elapsed: 0h 2m 43s | Remaining: 0h 4m 4s
41% | Elapsed: 0h 2m 47s | Remaining: 0h 4m 0s
42% | Elapsed: 0h 2m 50s | Remaining: 0h 3m 54s
43% | Elapsed: 0h 2m 54s | Remaining: 0h 3m 50s
44% | Elapsed: 0h 2m 58s | Remaining: 0h 3m 46s
45% | Elapsed: 0h 3m 2s | Remaining: 0h 3m 42s
46% | Elapsed: 0h 3m 6s | Remaining: 0h 3m 38s
47% | Elapsed: 0h 3m 10s | Remaining: 0h 3m 34s
48% | Elapsed: 0h 3m 14s | Remaining: 0h 3m 30s
49% | Elapsed: 0h 3m 18s | Remaining: 0h 3m 26s
50% | Elapsed: 0h 3m 22s | Remaining: 0h 3m 22s
51% | Elapsed: 0h 3m 26s | Remaining: 0h 3m 17s
52% | Elapsed: 0h 3m 30s | Remaining: 0h 3m 13s
53% | Elapsed: 0h 3m 34s | Remaining: 0h 3m 9s
54% | Elapsed: 0h 3m 37s | Remaining: 0h 3m 4s
55% | Elapsed: 0h 3m 41s | Remaining: 0h 3m 0s
56% | Elapsed: 0h 3m 45s | Remaining: 0h 2m 56s
57% | Elapsed: 0h 3m 49s | Remaining: 0h 2m 52s
58% | Elapsed: 0h 3m 53s | Remaining: 0h 2m 48s
59% | Elapsed: 0h 3m 57s | Remaining: 0h 2m 44s
60% | Elapsed: 0h 4m 1s | Remaining: 0h 2m 40s
61% | Elapsed: 0h 4m 5s | Remaining: 0h 2m 36s
62% | Elapsed: 0h 4m 9s | Remaining: 0h 2m 32s
63% | Elapsed: 0h 4m 13s | Remaining: 0h 2m 28s
64% | Elapsed: 0h 4m 17s | Remaining: 0h 2m 24s
65% | Elapsed: 0h 4m 20s | Remaining: 0h 2m 20s
66% | Elapsed: 0h 4m 24s | Remaining: 0h 2m 16s
67% | Elapsed: 0h 4m 28s | Remaining: 0h 2m 12s
68% | Elapsed: 0h 4m 31s | Remaining: 0h 2m 7s
69% | Elapsed: 0h 4m 35s | Remaining: 0h 2m 3s
70% | Elapsed: 0h 4m 39s | Remaining: 0h 1m 59s
71% | Elapsed: 0h 4m 43s | Remaining: 0h 1m 55s
72% | Elapsed: 0h 4m 46s | Remaining: 0h 1m 51s
73% | Elapsed: 0h 4m 50s | Remaining: 0h 1m 47s
74% | Elapsed: 0h 4m 54s | Remaining: 0h 1m 43s
75% | Elapsed: 0h 4m 58s | Remaining: 0h 1m 39s
76% | Elapsed: 0h 5m 3s | Remaining: 0h 1m 35s
77% | Elapsed: 0h 5m 6s | Remaining: 0h 1m 31s
78% | Elapsed: 0h 5m 10s | Remaining: 0h 1m 27s
79% | Elapsed: 0h 5m 14s | Remaining: 0h 1m 23s
80% | Elapsed: 0h 5m 18s | Remaining: 0h 1m 19s
81% | Elapsed: 0h 5m 22s | Remaining: 0h 1m 15s
82% | Elapsed: 0h 5m 26s | Remaining: 0h 1m 11s
83% | Elapsed: 0h 5m 30s | Remaining: 0h 1m 7s
84% | Elapsed: 0h 5m 34s | Remaining: 0h 1m 3s
85% | Elapsed: 0h 5m 37s | Remaining: 0h 0m 59s
86% | Elapsed: 0h 5m 42s | Remaining: 0h 0m 55s
87% | Elapsed: 0h 5m 46s | Remaining: 0h 0m 51s
88% | Elapsed: 0h 5m 49s | Remaining: 0h 0m 47s
89% | Elapsed: 0h 5m 53s | Remaining: 0h 0m 43s
90% | Elapsed: 0h 5m 58s | Remaining: 0h 0m 39s
91% | Elapsed: 0h 6m 1s | Remaining: 0h 0m 35s
92% | Elapsed: 0h 6m 5s | Remaining: 0h 0m 31s
93% | Elapsed: 0h 6m 9s | Remaining: 0h 0m 27s
94% | Elapsed: 0h 6m 13s | Remaining: 0h 0m 23s
95% | Elapsed: 0h 6m 16s | Remaining: 0h 0m 19s
96% | Elapsed: 0h 6m 20s | Remaining: 0h 0m 15s
97% | Elapsed: 0h 6m 24s | Remaining: 0h 0m 11s
98% | Elapsed: 0h 6m 27s | Remaining: 0h 0m 7s
99% | Elapsed: 0h 6m 31s | Remaining: 0h 0m 3s
100% | Elapsed: 0h 6m 35s | Remaining: 0h 0m 0s
Saved part 0 to HardQCD_Pt15to7000_Oniaoff_CR0_PYTHIA8311_Chunk18_Part0.root (valid: 104751, processed: 198000, final part)

Processing completed successfully!
Total events processed: 198000
Total parts created: 1

Job finished. Chunk 18 done.
