=========================================
 Job environment
=========================================
  Hostname:  b9p25p6425.cern.ch
  Input dir: /eos/cms/store/group/phys_smp/ec/shuangyu/Jpsi/HardQCD_Pt15to7000_Oniaoff_CR0_PYTHIA8311
  Output:    HardQCD_Pt15to7000_Oniaoff_CR0_PYTHIA8311
  Chunk:     5 / 20
  Radius:    0.4
=========================================
Setting up CMSSW environment...
Compiling eec.cpp ...
Compilation done.
Running: ./eec -i /eos/cms/store/group/phys_smp/ec/shuangyu/Jpsi/HardQCD_Pt15to7000_Oniaoff_CR0_PYTHIA8311 -o HardQCD_Pt15to7000_Oniaoff_CR0_PYTHIA8311 -n 20 -e 5 -r 0.4
Processing files 1000 to 1199 (out of 4000)
Total events in this chunk: 198000
#--------------------------------------------------------------------------
#                         FastJet release 3.4.1
#                 M. Cacciari, G.P. Salam and G. Soyez                  
#     A software package for jet finding and analysis at colliders      
#                           http://fastjet.fr                           
#	                                                                      
# Please cite EPJC72(2012)1896 [arXiv:1111.6097] if you use this package
# for scientific work and optionally PLB641(2006)57 [hep-ph/0512210].   
#                                                                       
# FastJet is provided without warranty under the GNU GPL v2 or higher.  
# It uses T. Chan's closest pair algorithm, S. Fortune's Voronoi code
# and 3rd party plugin jet algorithms. See COPYING file for details.
#--------------------------------------------------------------------------
1% | Elapsed: 0h 0m 2s | Remaining: 0h 3m 18s
2% | Elapsed: 0h 0m 5s | Remaining: 0h 4m 5s
3% | Elapsed: 0h 0m 10s | Remaining: 0h 5m 23s
4% | Elapsed: 0h 0m 13s | Remaining: 0h 5m 12s
5% | Elapsed: 0h 0m 15s | Remaining: 0h 4m 45s
6% | Elapsed: 0h 0m 18s | Remaining: 0h 4m 42s
7% | Elapsed: 0h 0m 22s | Remaining: 0h 4m 52s
8% | Elapsed: 0h 0m 24s | Remaining: 0h 4m 36s
9% | Elapsed: 0h 0m 27s | Remaining: 0h 4m 33s
10% | Elapsed: 0h 0m 29s | Remaining: 0h 4m 21s
11% | Elapsed: 0h 0m 32s | Remaining: 0h 4m 18s
12% | Elapsed: 0h 0m 35s | Remaining: 0h 4m 16s
13% | Elapsed: 0h 0m 37s | Remaining: 0h 4m 7s
14% | Elapsed: 0h 0m 40s | Remaining: 0h 4m 5s
15% | Elapsed: 0h 0m 43s | Remaining: 0h 4m 3s
16% | Elapsed: 0h 0m 46s | Remaining: 0h 4m 1s
17% | Elapsed: 0h 0m 48s | Remaining: 0h 3m 54s
18% | Elapsed: 0h 0m 52s | Remaining: 0h 3m 56s
19% | Elapsed: 0h 0m 54s | Remaining: 0h 3m 50s
20% | Elapsed: 0h 0m 56s | Remaining: 0h 3m 44s
21% | Elapsed: 0h 0m 59s | Remaining: 0h 3m 41s
22% | Elapsed: 0h 1m 1s | Remaining: 0h 3m 36s
23% | Elapsed: 0h 1m 4s | Remaining: 0h 3m 34s
24% | Elapsed: 0h 1m 7s | Remaining: 0h 3m 32s
25% | Elapsed: 0h 1m 10s | Remaining: 0h 3m 30s
26% | Elapsed: 0h 1m 12s | Remaining: 0h 3m 24s
27% | Elapsed: 0h 1m 15s | Remaining: 0h 3m 22s
28% | Elapsed: 0h 1m 17s | Remaining: 0h 3m 18s
29% | Elapsed: 0h 1m 20s | Remaining: 0h 3m 15s
30% | Elapsed: 0h 1m 22s | Remaining: 0h 3m 11s
31% | Elapsed: 0h 1m 25s | Remaining: 0h 3m 9s
32% | Elapsed: 0h 1m 27s | Remaining: 0h 3m 4s
33% | Elapsed: 0h 1m 30s | Remaining: 0h 3m 2s
34% | Elapsed: 0h 1m 33s | Remaining: 0h 3m 0s
35% | Elapsed: 0h 1m 36s | Remaining: 0h 2m 58s
36% | Elapsed: 0h 1m 39s | Remaining: 0h 2m 56s
37% | Elapsed: 0h 1m 42s | Remaining: 0h 2m 53s
38% | Elapsed: 0h 1m 44s | Remaining: 0h 2m 49s
39% | Elapsed: 0h 1m 47s | Remaining: 0h 2m 47s
40% | Elapsed: 0h 1m 50s | Remaining: 0h 2m 45s
41% | Elapsed: 0h 1m 52s | Remaining: 0h 2m 41s
42% | Elapsed: 0h 1m 55s | Remaining: 0h 2m 38s
43% | Elapsed: 0h 1m 58s | Remaining: 0h 2m 36s
44% | Elapsed: 0h 2m 0s | Remaining: 0h 2m 32s
45% | Elapsed: 0h 2m 3s | Remaining: 0h 2m 30s
46% | Elapsed: 0h 2m 6s | Remaining: 0h 2m 27s
47% | Elapsed: 0h 2m 9s | Remaining: 0h 2m 25s
48% | Elapsed: 0h 2m 12s | Remaining: 0h 2m 23s
49% | Elapsed: 0h 2m 14s | Remaining: 0h 2m 19s
50% | Elapsed: 0h 2m 17s | Remaining: 0h 2m 17s
51% | Elapsed: 0h 2m 19s | Remaining: 0h 2m 13s
52% | Elapsed: 0h 2m 22s | Remaining: 0h 2m 11s
53% | Elapsed: 0h 2m 25s | Remaining: 0h 2m 8s
54% | Elapsed: 0h 2m 28s | Remaining: 0h 2m 6s
55% | Elapsed: 0h 2m 30s | Remaining: 0h 2m 2s
56% | Elapsed: 0h 2m 33s | Remaining: 0h 2m 0s
57% | Elapsed: 0h 2m 36s | Remaining: 0h 1m 57s
58% | Elapsed: 0h 2m 39s | Remaining: 0h 1m 55s
59% | Elapsed: 0h 2m 41s | Remaining: 0h 1m 51s
60% | Elapsed: 0h 2m 44s | Remaining: 0h 1m 49s
61% | Elapsed: 0h 2m 47s | Remaining: 0h 1m 46s
62% | Elapsed: 0h 2m 50s | Remaining: 0h 1m 44s
63% | Elapsed: 0h 2m 52s | Remaining: 0h 1m 41s
64% | Elapsed: 0h 2m 55s | Remaining: 0h 1m 38s
65% | Elapsed: 0h 2m 58s | Remaining: 0h 1m 35s
66% | Elapsed: 0h 3m 1s | Remaining: 0h 1m 33s
67% | Elapsed: 0h 3m 4s | Remaining: 0h 1m 30s
68% | Elapsed: 0h 3m 6s | Remaining: 0h 1m 27s
69% | Elapsed: 0h 3m 9s | Remaining: 0h 1m 24s
70% | Elapsed: 0h 3m 12s | Remaining: 0h 1m 22s
71% | Elapsed: 0h 3m 14s | Remaining: 0h 1m 19s
72% | Elapsed: 0h 3m 20s | Remaining: 0h 1m 17s
73% | Elapsed: 0h 3m 23s | Remaining: 0h 1m 15s
74% | Elapsed: 0h 3m 26s | Remaining: 0h 1m 12s
75% | Elapsed: 0h 3m 28s | Remaining: 0h 1m 9s
76% | Elapsed: 0h 3m 31s | Remaining: 0h 1m 6s
77% | Elapsed: 0h 3m 33s | Remaining: 0h 1m 3s
78% | Elapsed: 0h 3m 36s | Remaining: 0h 1m 0s
79% | Elapsed: 0h 3m 39s | Remaining: 0h 0m 58s
80% | Elapsed: 0h 3m 41s | Remaining: 0h 0m 55s
81% | Elapsed: 0h 3m 44s | Remaining: 0h 0m 52s
82% | Elapsed: 0h 3m 46s | Remaining: 0h 0m 49s
83% | Elapsed: 0h 3m 49s | Remaining: 0h 0m 46s
84% | Elapsed: 0h 3m 52s | Remaining: 0h 0m 44s
85% | Elapsed: 0h 3m 55s | Remaining: 0h 0m 41s
86% | Elapsed: 0h 3m 57s | Remaining: 0h 0m 38s
87% | Elapsed: 0h 4m 0s | Remaining: 0h 0m 35s
88% | Elapsed: 0h 4m 3s | Remaining: 0h 0m 33s
89% | Elapsed: 0h 4m 5s | Remaining: 0h 0m 30s
90% | Elapsed: 0h 4m 8s | Remaining: 0h 0m 27s
91% | Elapsed: 0h 4m 11s | Remaining: 0h 0m 24s
92% | Elapsed: 0h 4m 14s | Remaining: 0h 0m 22s
93% | Elapsed: 0h 4m 17s | Remaining: 0h 0m 19s
94% | Elapsed: 0h 4m 20s | Remaining: 0h 0m 16s
95% | Elapsed: 0h 4m 22s | Remaining: 0h 0m 13s
96% | Elapsed: 0h 4m 25s | Remaining: 0h 0m 11s
97% | Elapsed: 0h 4m 28s | Remaining: 0h 0m 8s
98% | Elapsed: 0h 4m 31s | Remaining: 0h 0m 5s
99% | Elapsed: 0h 4m 34s | Remaining: 0h 0m 2s
100% | Elapsed: 0h 4m 37s | Remaining: 0h 0m 0s
Saved part 0 to HardQCD_Pt15to7000_Oniaoff_CR0_PYTHIA8311_Chunk5_Part0.root (valid: 104178, processed: 198000, final part)

Processing completed successfully!
Total events processed: 198000
Total parts created: 1

Job finished. Chunk 5 done.
