=========================================
 Job environment
=========================================
  Hostname:  b9g12p2095.cern.ch
  Input dir: /eos/cms/store/group/phys_smp/ec/shuangyu/Jpsi/HardQCD_Pt15to7000_Oniaoff_CR0_PYTHIA8309
  Output:    HardQCD_Pt15to7000_Oniaoff_CR0_PYTHIA8309
  Chunk:     8 / 20
  Radius:    0.4
=========================================
Setting up CMSSW environment...
Compiling eec.cpp ...
Compilation done.
Running: ./eec -i /eos/cms/store/group/phys_smp/ec/shuangyu/Jpsi/HardQCD_Pt15to7000_Oniaoff_CR0_PYTHIA8309 -o HardQCD_Pt15to7000_Oniaoff_CR0_PYTHIA8309 -n 20 -e 8 -r 0.4
Processing files 1600 to 1799 (out of 4000)
Total events in this chunk: 199000
#--------------------------------------------------------------------------
#                         FastJet release 3.4.1
#                 M. Cacciari, G.P. Salam and G. Soyez                  
#     A software package for jet finding and analysis at colliders      
#                           http://fastjet.fr                           
#	                                                                      
# Please cite EPJC72(2012)1896 [arXiv:1111.6097] if you use this package
# for scientific work and optionally PLB641(2006)57 [hep-ph/0512210].   
#                                                                       
# FastJet is provided without warranty under the GNU GPL v2 or higher.  
# It uses T. Chan's closest pair algorithm, S. Fortune's Voronoi code
# and 3rd party plugin jet algorithms. See COPYING file for details.
#--------------------------------------------------------------------------
1% | Elapsed: 0h 0m 4s | Remaining: 0h 6m 36s
2% | Elapsed: 0h 0m 8s | Remaining: 0h 6m 32s
3% | Elapsed: 0h 0m 13s | Remaining: 0h 7m 0s
4% | Elapsed: 0h 0m 17s | Remaining: 0h 6m 48s
5% | Elapsed: 0h 0m 22s | Remaining: 0h 6m 58s
6% | Elapsed: 0h 0m 26s | Remaining: 0h 6m 47s
7% | Elapsed: 0h 0m 30s | Remaining: 0h 6m 38s
8% | Elapsed: 0h 0m 35s | Remaining: 0h 6m 42s
9% | Elapsed: 0h 0m 40s | Remaining: 0h 6m 44s
10% | Elapsed: 0h 0m 44s | Remaining: 0h 6m 36s
11% | Elapsed: 0h 0m 48s | Remaining: 0h 6m 28s
12% | Elapsed: 0h 0m 52s | Remaining: 0h 6m 21s
13% | Elapsed: 0h 0m 57s | Remaining: 0h 6m 21s
14% | Elapsed: 0h 1m 1s | Remaining: 0h 6m 14s
15% | Elapsed: 0h 1m 8s | Remaining: 0h 6m 25s
16% | Elapsed: 0h 1m 13s | Remaining: 0h 6m 23s
17% | Elapsed: 0h 1m 17s | Remaining: 0h 6m 15s
18% | Elapsed: 0h 1m 21s | Remaining: 0h 6m 9s
19% | Elapsed: 0h 1m 26s | Remaining: 0h 6m 6s
20% | Elapsed: 0h 1m 30s | Remaining: 0h 6m 0s
21% | Elapsed: 0h 1m 35s | Remaining: 0h 5m 57s
22% | Elapsed: 0h 1m 39s | Remaining: 0h 5m 51s
23% | Elapsed: 0h 1m 44s | Remaining: 0h 5m 48s
24% | Elapsed: 0h 1m 48s | Remaining: 0h 5m 42s
25% | Elapsed: 0h 1m 53s | Remaining: 0h 5m 39s
26% | Elapsed: 0h 1m 57s | Remaining: 0h 5m 33s
27% | Elapsed: 0h 2m 2s | Remaining: 0h 5m 29s
28% | Elapsed: 0h 2m 6s | Remaining: 0h 5m 23s
29% | Elapsed: 0h 2m 11s | Remaining: 0h 5m 20s
30% | Elapsed: 0h 2m 15s | Remaining: 0h 5m 15s
31% | Elapsed: 0h 2m 20s | Remaining: 0h 5m 11s
32% | Elapsed: 0h 2m 24s | Remaining: 0h 5m 6s
33% | Elapsed: 0h 2m 29s | Remaining: 0h 5m 2s
34% | Elapsed: 0h 2m 34s | Remaining: 0h 4m 58s
35% | Elapsed: 0h 2m 39s | Remaining: 0h 4m 55s
36% | Elapsed: 0h 2m 43s | Remaining: 0h 4m 49s
37% | Elapsed: 0h 2m 47s | Remaining: 0h 4m 44s
38% | Elapsed: 0h 2m 51s | Remaining: 0h 4m 39s
39% | Elapsed: 0h 2m 56s | Remaining: 0h 4m 35s
40% | Elapsed: 0h 3m 1s | Remaining: 0h 4m 31s
41% | Elapsed: 0h 3m 5s | Remaining: 0h 4m 26s
42% | Elapsed: 0h 3m 10s | Remaining: 0h 4m 22s
43% | Elapsed: 0h 3m 14s | Remaining: 0h 4m 17s
44% | Elapsed: 0h 3m 19s | Remaining: 0h 4m 13s
45% | Elapsed: 0h 3m 23s | Remaining: 0h 4m 8s
46% | Elapsed: 0h 3m 27s | Remaining: 0h 4m 3s
47% | Elapsed: 0h 3m 32s | Remaining: 0h 3m 59s
48% | Elapsed: 0h 3m 37s | Remaining: 0h 3m 55s
49% | Elapsed: 0h 3m 41s | Remaining: 0h 3m 50s
50% | Elapsed: 0h 3m 46s | Remaining: 0h 3m 46s
51% | Elapsed: 0h 3m 50s | Remaining: 0h 3m 40s
52% | Elapsed: 0h 3m 54s | Remaining: 0h 3m 36s
53% | Elapsed: 0h 3m 59s | Remaining: 0h 3m 31s
54% | Elapsed: 0h 4m 4s | Remaining: 0h 3m 27s
55% | Elapsed: 0h 4m 8s | Remaining: 0h 3m 22s
56% | Elapsed: 0h 4m 13s | Remaining: 0h 3m 18s
57% | Elapsed: 0h 4m 17s | Remaining: 0h 3m 13s
58% | Elapsed: 0h 4m 22s | Remaining: 0h 3m 9s
59% | Elapsed: 0h 4m 27s | Remaining: 0h 3m 5s
60% | Elapsed: 0h 4m 31s | Remaining: 0h 3m 0s
61% | Elapsed: 0h 4m 36s | Remaining: 0h 2m 56s
62% | Elapsed: 0h 4m 41s | Remaining: 0h 2m 52s
63% | Elapsed: 0h 4m 45s | Remaining: 0h 2m 47s
64% | Elapsed: 0h 4m 49s | Remaining: 0h 2m 42s
65% | Elapsed: 0h 4m 54s | Remaining: 0h 2m 38s
66% | Elapsed: 0h 4m 58s | Remaining: 0h 2m 33s
67% | Elapsed: 0h 5m 3s | Remaining: 0h 2m 29s
68% | Elapsed: 0h 5m 7s | Remaining: 0h 2m 24s
69% | Elapsed: 0h 5m 12s | Remaining: 0h 2m 20s
70% | Elapsed: 0h 5m 16s | Remaining: 0h 2m 15s
71% | Elapsed: 0h 5m 21s | Remaining: 0h 2m 11s
72% | Elapsed: 0h 5m 25s | Remaining: 0h 2m 6s
73% | Elapsed: 0h 5m 29s | Remaining: 0h 2m 1s
74% | Elapsed: 0h 5m 34s | Remaining: 0h 1m 57s
75% | Elapsed: 0h 5m 38s | Remaining: 0h 1m 52s
76% | Elapsed: 0h 5m 42s | Remaining: 0h 1m 48s
77% | Elapsed: 0h 5m 47s | Remaining: 0h 1m 43s
78% | Elapsed: 0h 5m 51s | Remaining: 0h 1m 39s
79% | Elapsed: 0h 5m 55s | Remaining: 0h 1m 34s
80% | Elapsed: 0h 6m 0s | Remaining: 0h 1m 30s
81% | Elapsed: 0h 6m 4s | Remaining: 0h 1m 25s
82% | Elapsed: 0h 6m 8s | Remaining: 0h 1m 20s
83% | Elapsed: 0h 6m 13s | Remaining: 0h 1m 16s
84% | Elapsed: 0h 6m 17s | Remaining: 0h 1m 11s
85% | Elapsed: 0h 6m 22s | Remaining: 0h 1m 7s
86% | Elapsed: 0h 6m 26s | Remaining: 0h 1m 2s
87% | Elapsed: 0h 6m 30s | Remaining: 0h 0m 58s
88% | Elapsed: 0h 6m 36s | Remaining: 0h 0m 54s
89% | Elapsed: 0h 6m 40s | Remaining: 0h 0m 49s
90% | Elapsed: 0h 6m 45s | Remaining: 0h 0m 45s
91% | Elapsed: 0h 6m 49s | Remaining: 0h 0m 40s
92% | Elapsed: 0h 6m 54s | Remaining: 0h 0m 36s
93% | Elapsed: 0h 6m 59s | Remaining: 0h 0m 31s
94% | Elapsed: 0h 7m 3s | Remaining: 0h 0m 27s
95% | Elapsed: 0h 7m 8s | Remaining: 0h 0m 22s
96% | Elapsed: 0h 7m 13s | Remaining: 0h 0m 18s
97% | Elapsed: 0h 7m 17s | Remaining: 0h 0m 13s
98% | Elapsed: 0h 7m 22s | Remaining: 0h 0m 9s
99% | Elapsed: 0h 7m 26s | Remaining: 0h 0m 4s
100% | Elapsed: 0h 7m 30s | Remaining: 0h 0m 0s
Saved part 0 to HardQCD_Pt15to7000_Oniaoff_CR0_PYTHIA8309_Chunk8_Part0.root (valid: 105208, processed: 199000, final part)

Processing completed successfully!
Total events processed: 199000
Total parts created: 1

Job finished. Chunk 8 done.
