=========================================
 Job environment
=========================================
  Hostname:  b9p20p7526.cern.ch
  Input dir: /eos/cms/store/group/phys_smp/ec/shuangyu/Jpsi/HardQCD_Pt15to7000_Oniaoff_CR0_PYTHIA8311
  Output:    HardQCD_Pt15to7000_Oniaoff_CR0_PYTHIA8311
  Chunk:     1 / 50
  Radius:    0.4
=========================================
Setting up CMSSW environment...
Compiling eec.cpp ...
Compilation done.
Running: ./eec -i /eos/cms/store/group/phys_smp/ec/shuangyu/Jpsi/HardQCD_Pt15to7000_Oniaoff_CR0_PYTHIA8311 -o HardQCD_Pt15to7000_Oniaoff_CR0_PYTHIA8311 -n 50 -e 1 -r 0.4
Processing files 80 to 159 (out of 4000)
Total events in this chunk: 80000
#--------------------------------------------------------------------------
#                         FastJet release 3.4.1
#                 M. Cacciari, G.P. Salam and G. Soyez                  
#     A software package for jet finding and analysis at colliders      
#                           http://fastjet.fr                           
#	                                                                      
# Please cite EPJC72(2012)1896 [arXiv:1111.6097] if you use this package
# for scientific work and optionally PLB641(2006)57 [hep-ph/0512210].   
#                                                                       
# FastJet is provided without warranty under the GNU GPL v2 or higher.  
# It uses T. Chan's closest pair algorithm, S. Fortune's Voronoi code
# and 3rd party plugin jet algorithms. See COPYING file for details.
#--------------------------------------------------------------------------
1% | Elapsed: 0h 0m 1s | Remaining: 0h 1m 39s
2% | Elapsed: 0h 0m 2s | Remaining: 0h 1m 38s
3% | Elapsed: 0h 0m 4s | Remaining: 0h 2m 9s
4% | Elapsed: 0h 0m 5s | Remaining: 0h 2m 0s
5% | Elapsed: 0h 0m 6s | Remaining: 0h 1m 54s
6% | Elapsed: 0h 0m 7s | Remaining: 0h 1m 49s
7% | Elapsed: 0h 0m 8s | Remaining: 0h 1m 46s
8% | Elapsed: 0h 0m 10s | Remaining: 0h 1m 55s
9% | Elapsed: 0h 0m 11s | Remaining: 0h 1m 51s
10% | Elapsed: 0h 0m 12s | Remaining: 0h 1m 48s
11% | Elapsed: 0h 0m 14s | Remaining: 0h 1m 53s
12% | Elapsed: 0h 1m 49s | Remaining: 0h 13m 19s
13% | Elapsed: 0h 1m 50s | Remaining: 0h 12m 16s
14% | Elapsed: 0h 1m 52s | Remaining: 0h 11m 27s
15% | Elapsed: 0h 1m 53s | Remaining: 0h 10m 40s
16% | Elapsed: 0h 1m 54s | Remaining: 0h 9m 58s
17% | Elapsed: 0h 1m 56s | Remaining: 0h 9m 26s
18% | Elapsed: 0h 1m 57s | Remaining: 0h 8m 53s
19% | Elapsed: 0h 1m 58s | Remaining: 0h 8m 23s
20% | Elapsed: 0h 2m 0s | Remaining: 0h 8m 0s
21% | Elapsed: 0h 2m 1s | Remaining: 0h 7m 35s
22% | Elapsed: 0h 2m 2s | Remaining: 0h 7m 12s
23% | Elapsed: 0h 2m 4s | Remaining: 0h 6m 55s
24% | Elapsed: 0h 2m 5s | Remaining: 0h 6m 35s
25% | Elapsed: 0h 2m 6s | Remaining: 0h 6m 18s
26% | Elapsed: 0h 2m 8s | Remaining: 0h 6m 4s
27% | Elapsed: 0h 2m 9s | Remaining: 0h 5m 48s
28% | Elapsed: 0h 2m 11s | Remaining: 0h 5m 36s
29% | Elapsed: 0h 2m 13s | Remaining: 0h 5m 25s
30% | Elapsed: 0h 2m 14s | Remaining: 0h 5m 12s
31% | Elapsed: 0h 2m 15s | Remaining: 0h 5m 0s
32% | Elapsed: 0h 2m 17s | Remaining: 0h 4m 51s
33% | Elapsed: 0h 2m 18s | Remaining: 0h 4m 40s
34% | Elapsed: 0h 2m 19s | Remaining: 0h 4m 29s
35% | Elapsed: 0h 2m 21s | Remaining: 0h 4m 21s
36% | Elapsed: 0h 2m 22s | Remaining: 0h 4m 12s
37% | Elapsed: 0h 2m 23s | Remaining: 0h 4m 3s
38% | Elapsed: 0h 2m 25s | Remaining: 0h 3m 56s
39% | Elapsed: 0h 2m 27s | Remaining: 0h 3m 49s
40% | Elapsed: 0h 2m 28s | Remaining: 0h 3m 42s
41% | Elapsed: 0h 2m 29s | Remaining: 0h 3m 34s
42% | Elapsed: 0h 2m 30s | Remaining: 0h 3m 27s
43% | Elapsed: 0h 2m 32s | Remaining: 0h 3m 21s
44% | Elapsed: 0h 2m 33s | Remaining: 0h 3m 14s
45% | Elapsed: 0h 2m 34s | Remaining: 0h 3m 8s
46% | Elapsed: 0h 2m 36s | Remaining: 0h 3m 3s
47% | Elapsed: 0h 2m 37s | Remaining: 0h 2m 57s
48% | Elapsed: 0h 2m 38s | Remaining: 0h 2m 51s
49% | Elapsed: 0h 2m 39s | Remaining: 0h 2m 45s
50% | Elapsed: 0h 2m 41s | Remaining: 0h 2m 41s
51% | Elapsed: 0h 2m 42s | Remaining: 0h 2m 35s
52% | Elapsed: 0h 2m 44s | Remaining: 0h 2m 31s
53% | Elapsed: 0h 2m 45s | Remaining: 0h 2m 26s
54% | Elapsed: 0h 2m 47s | Remaining: 0h 2m 22s
55% | Elapsed: 0h 2m 48s | Remaining: 0h 2m 17s
56% | Elapsed: 0h 2m 49s | Remaining: 0h 2m 12s
57% | Elapsed: 0h 2m 50s | Remaining: 0h 2m 8s
58% | Elapsed: 0h 2m 52s | Remaining: 0h 2m 4s
59% | Elapsed: 0h 2m 53s | Remaining: 0h 2m 0s
60% | Elapsed: 0h 2m 54s | Remaining: 0h 1m 56s
61% | Elapsed: 0h 2m 55s | Remaining: 0h 1m 51s
62% | Elapsed: 0h 2m 57s | Remaining: 0h 1m 48s
63% | Elapsed: 0h 2m 58s | Remaining: 0h 1m 44s
64% | Elapsed: 0h 2m 59s | Remaining: 0h 1m 40s
65% | Elapsed: 0h 3m 0s | Remaining: 0h 1m 36s
66% | Elapsed: 0h 3m 2s | Remaining: 0h 1m 33s
67% | Elapsed: 0h 3m 3s | Remaining: 0h 1m 30s
68% | Elapsed: 0h 3m 4s | Remaining: 0h 1m 26s
69% | Elapsed: 0h 3m 6s | Remaining: 0h 1m 23s
70% | Elapsed: 0h 3m 7s | Remaining: 0h 1m 20s
71% | Elapsed: 0h 3m 9s | Remaining: 0h 1m 17s
72% | Elapsed: 0h 3m 10s | Remaining: 0h 1m 13s
73% | Elapsed: 0h 3m 11s | Remaining: 0h 1m 10s
74% | Elapsed: 0h 3m 12s | Remaining: 0h 1m 7s
75% | Elapsed: 0h 3m 14s | Remaining: 0h 1m 4s
76% | Elapsed: 0h 3m 15s | Remaining: 0h 1m 1s
77% | Elapsed: 0h 3m 17s | Remaining: 0h 0m 58s
78% | Elapsed: 0h 3m 18s | Remaining: 0h 0m 55s
79% | Elapsed: 0h 3m 20s | Remaining: 0h 0m 53s
80% | Elapsed: 0h 3m 21s | Remaining: 0h 0m 50s
81% | Elapsed: 0h 3m 22s | Remaining: 0h 0m 47s
82% | Elapsed: 0h 3m 23s | Remaining: 0h 0m 44s
83% | Elapsed: 0h 3m 25s | Remaining: 0h 0m 41s
84% | Elapsed: 0h 3m 26s | Remaining: 0h 0m 39s
85% | Elapsed: 0h 3m 27s | Remaining: 0h 0m 36s
86% | Elapsed: 0h 3m 28s | Remaining: 0h 0m 33s
87% | Elapsed: 0h 3m 30s | Remaining: 0h 0m 31s
88% | Elapsed: 0h 3m 31s | Remaining: 0h 0m 28s
89% | Elapsed: 0h 3m 32s | Remaining: 0h 0m 26s
90% | Elapsed: 0h 3m 33s | Remaining: 0h 0m 23s
91% | Elapsed: 0h 3m 35s | Remaining: 0h 0m 21s
92% | Elapsed: 0h 3m 36s | Remaining: 0h 0m 18s
93% | Elapsed: 0h 3m 37s | Remaining: 0h 0m 16s
94% | Elapsed: 0h 3m 39s | Remaining: 0h 0m 13s
95% | Elapsed: 0h 3m 40s | Remaining: 0h 0m 11s
96% | Elapsed: 0h 3m 41s | Remaining: 0h 0m 9s
97% | Elapsed: 0h 3m 42s | Remaining: 0h 0m 6s
98% | Elapsed: 0h 3m 44s | Remaining: 0h 0m 4s
99% | Elapsed: 0h 3m 45s | Remaining: 0h 0m 2s
100% | Elapsed: 0h 3m 46s | Remaining: 0h 0m 0s
Saved part 0 to HardQCD_Pt15to7000_Oniaoff_CR0_PYTHIA8311_Chunk1_Part0.root (valid: 13638, processed: 80000, final part)

Processing completed successfully!
Total events processed: 80000
Total parts created: 1

Job finished. Chunk 1 done.
