=========================================
 Job environment
=========================================
  Hostname:  b9p18p2721.cern.ch
  Input dir: /eos/cms/store/group/phys_smp/ec/shuangyu/Jpsi/HardQCD_Pt15to7000_Oniaoff_CR0_PYTHIA8311
  Output:    HardQCD_Pt15to7000_Oniaoff_CR0_PYTHIA8311
  Chunk:     28 / 50
  Radius:    0.4
=========================================
Setting up CMSSW environment...
Compiling eec.cpp ...
Compilation done.
Running: ./eec -i /eos/cms/store/group/phys_smp/ec/shuangyu/Jpsi/HardQCD_Pt15to7000_Oniaoff_CR0_PYTHIA8311 -o HardQCD_Pt15to7000_Oniaoff_CR0_PYTHIA8311 -n 50 -e 28 -r 0.4
Processing files 2240 to 2319 (out of 4000)
Total events in this chunk: 80000
#--------------------------------------------------------------------------
#                         FastJet release 3.4.1
#                 M. Cacciari, G.P. Salam and G. Soyez                  
#     A software package for jet finding and analysis at colliders      
#                           http://fastjet.fr                           
#	                                                                      
# Please cite EPJC72(2012)1896 [arXiv:1111.6097] if you use this package
# for scientific work and optionally PLB641(2006)57 [hep-ph/0512210].   
#                                                                       
# FastJet is provided without warranty under the GNU GPL v2 or higher.  
# It uses T. Chan's closest pair algorithm, S. Fortune's Voronoi code
# and 3rd party plugin jet algorithms. See COPYING file for details.
#--------------------------------------------------------------------------
1% | Elapsed: 0h 0m 0s | Remaining: 0h 0m 0s
2% | Elapsed: 0h 1m 10s | Remaining: 0h 57m 10s
3% | Elapsed: 0h 1m 11s | Remaining: 0h 38m 15s
4% | Elapsed: 0h 1m 12s | Remaining: 0h 28m 48s
5% | Elapsed: 0h 1m 13s | Remaining: 0h 23m 7s
6% | Elapsed: 0h 1m 14s | Remaining: 0h 19m 19s
7% | Elapsed: 0h 1m 16s | Remaining: 0h 16m 49s
8% | Elapsed: 0h 1m 17s | Remaining: 0h 14m 45s
9% | Elapsed: 0h 1m 18s | Remaining: 0h 13m 8s
10% | Elapsed: 0h 1m 19s | Remaining: 0h 11m 51s
11% | Elapsed: 0h 1m 20s | Remaining: 0h 10m 47s
12% | Elapsed: 0h 1m 21s | Remaining: 0h 9m 54s
13% | Elapsed: 0h 1m 22s | Remaining: 0h 9m 8s
14% | Elapsed: 0h 1m 24s | Remaining: 0h 8m 35s
15% | Elapsed: 0h 1m 25s | Remaining: 0h 8m 1s
16% | Elapsed: 0h 1m 26s | Remaining: 0h 7m 31s
17% | Elapsed: 0h 1m 27s | Remaining: 0h 7m 4s
18% | Elapsed: 0h 1m 28s | Remaining: 0h 6m 40s
19% | Elapsed: 0h 1m 29s | Remaining: 0h 6m 19s
20% | Elapsed: 0h 1m 30s | Remaining: 0h 6m 0s
21% | Elapsed: 0h 1m 31s | Remaining: 0h 5m 42s
22% | Elapsed: 0h 1m 32s | Remaining: 0h 5m 26s
23% | Elapsed: 0h 1m 34s | Remaining: 0h 5m 14s
24% | Elapsed: 0h 1m 35s | Remaining: 0h 5m 0s
25% | Elapsed: 0h 1m 36s | Remaining: 0h 4m 48s
26% | Elapsed: 0h 1m 37s | Remaining: 0h 4m 36s
27% | Elapsed: 0h 1m 39s | Remaining: 0h 4m 27s
28% | Elapsed: 0h 1m 40s | Remaining: 0h 4m 17s
29% | Elapsed: 0h 1m 41s | Remaining: 0h 4m 7s
30% | Elapsed: 0h 1m 42s | Remaining: 0h 3m 58s
31% | Elapsed: 0h 1m 43s | Remaining: 0h 3m 49s
32% | Elapsed: 0h 1m 45s | Remaining: 0h 3m 43s
33% | Elapsed: 0h 1m 46s | Remaining: 0h 3m 35s
34% | Elapsed: 0h 1m 47s | Remaining: 0h 3m 27s
35% | Elapsed: 0h 1m 48s | Remaining: 0h 3m 20s
36% | Elapsed: 0h 1m 49s | Remaining: 0h 3m 13s
37% | Elapsed: 0h 1m 50s | Remaining: 0h 3m 7s
38% | Elapsed: 0h 1m 51s | Remaining: 0h 3m 1s
39% | Elapsed: 0h 1m 52s | Remaining: 0h 2m 55s
40% | Elapsed: 0h 1m 53s | Remaining: 0h 2m 49s
41% | Elapsed: 0h 1m 54s | Remaining: 0h 2m 44s
42% | Elapsed: 0h 1m 55s | Remaining: 0h 2m 38s
43% | Elapsed: 0h 1m 56s | Remaining: 0h 2m 33s
44% | Elapsed: 0h 1m 57s | Remaining: 0h 2m 28s
45% | Elapsed: 0h 1m 59s | Remaining: 0h 2m 25s
46% | Elapsed: 0h 2m 0s | Remaining: 0h 2m 20s
47% | Elapsed: 0h 2m 1s | Remaining: 0h 2m 16s
48% | Elapsed: 0h 2m 3s | Remaining: 0h 2m 13s
49% | Elapsed: 0h 2m 4s | Remaining: 0h 2m 9s
50% | Elapsed: 0h 2m 5s | Remaining: 0h 2m 5s
51% | Elapsed: 0h 2m 7s | Remaining: 0h 2m 2s
52% | Elapsed: 0h 2m 8s | Remaining: 0h 1m 58s
53% | Elapsed: 0h 2m 9s | Remaining: 0h 1m 54s
54% | Elapsed: 0h 2m 10s | Remaining: 0h 1m 50s
55% | Elapsed: 0h 2m 11s | Remaining: 0h 1m 47s
56% | Elapsed: 0h 2m 12s | Remaining: 0h 1m 43s
57% | Elapsed: 0h 2m 13s | Remaining: 0h 1m 40s
58% | Elapsed: 0h 2m 14s | Remaining: 0h 1m 37s
59% | Elapsed: 0h 2m 15s | Remaining: 0h 1m 33s
60% | Elapsed: 0h 2m 16s | Remaining: 0h 1m 30s
61% | Elapsed: 0h 2m 17s | Remaining: 0h 1m 27s
62% | Elapsed: 0h 2m 18s | Remaining: 0h 1m 24s
63% | Elapsed: 0h 2m 19s | Remaining: 0h 1m 21s
64% | Elapsed: 0h 2m 20s | Remaining: 0h 1m 18s
65% | Elapsed: 0h 2m 21s | Remaining: 0h 1m 15s
66% | Elapsed: 0h 2m 22s | Remaining: 0h 1m 13s
67% | Elapsed: 0h 2m 24s | Remaining: 0h 1m 10s
68% | Elapsed: 0h 2m 25s | Remaining: 0h 1m 8s
69% | Elapsed: 0h 2m 26s | Remaining: 0h 1m 5s
70% | Elapsed: 0h 2m 27s | Remaining: 0h 1m 3s
71% | Elapsed: 0h 2m 28s | Remaining: 0h 1m 0s
72% | Elapsed: 0h 2m 29s | Remaining: 0h 0m 57s
73% | Elapsed: 0h 2m 30s | Remaining: 0h 0m 55s
74% | Elapsed: 0h 2m 31s | Remaining: 0h 0m 53s
75% | Elapsed: 0h 2m 32s | Remaining: 0h 0m 50s
76% | Elapsed: 0h 2m 33s | Remaining: 0h 0m 48s
77% | Elapsed: 0h 2m 34s | Remaining: 0h 0m 46s
78% | Elapsed: 0h 2m 35s | Remaining: 0h 0m 43s
79% | Elapsed: 0h 2m 36s | Remaining: 0h 0m 41s
80% | Elapsed: 0h 2m 37s | Remaining: 0h 0m 39s
81% | Elapsed: 0h 2m 38s | Remaining: 0h 0m 37s
82% | Elapsed: 0h 2m 39s | Remaining: 0h 0m 34s
83% | Elapsed: 0h 2m 40s | Remaining: 0h 0m 32s
84% | Elapsed: 0h 2m 42s | Remaining: 0h 0m 30s
85% | Elapsed: 0h 2m 43s | Remaining: 0h 0m 28s
86% | Elapsed: 0h 2m 44s | Remaining: 0h 0m 26s
87% | Elapsed: 0h 2m 45s | Remaining: 0h 0m 24s
88% | Elapsed: 0h 2m 46s | Remaining: 0h 0m 22s
89% | Elapsed: 0h 2m 47s | Remaining: 0h 0m 20s
90% | Elapsed: 0h 2m 48s | Remaining: 0h 0m 18s
91% | Elapsed: 0h 2m 49s | Remaining: 0h 0m 16s
92% | Elapsed: 0h 2m 50s | Remaining: 0h 0m 14s
93% | Elapsed: 0h 2m 52s | Remaining: 0h 0m 12s
94% | Elapsed: 0h 2m 53s | Remaining: 0h 0m 11s
95% | Elapsed: 0h 2m 54s | Remaining: 0h 0m 9s
96% | Elapsed: 0h 2m 55s | Remaining: 0h 0m 7s
97% | Elapsed: 0h 2m 56s | Remaining: 0h 0m 5s
98% | Elapsed: 0h 2m 57s | Remaining: 0h 0m 3s
99% | Elapsed: 0h 2m 58s | Remaining: 0h 0m 1s
100% | Elapsed: 0h 2m 59s | Remaining: 0h 0m 0s
Saved part 0 to HardQCD_Pt15to7000_Oniaoff_CR0_PYTHIA8311_Chunk28_Part0.root (valid: 13474, processed: 80000, final part)

Processing completed successfully!
Total events processed: 80000
Total parts created: 0

Job finished. Chunk 28 done.
