=========================================
 Job environment
=========================================
  Hostname:  b9g03p0003.cern.ch
  Input dir: /eos/cms/store/group/phys_smp/ec/shuangyu/Jpsi/HardQCD_Pt15to7000_Oniaoff_CR0_PYTHIA8309
  Output:    HardQCD_Pt15to7000_Oniaoff_CR0_PYTHIA8309
  Chunk:     35 / 50
  Radius:    0.4
=========================================
Setting up CMSSW environment...
Compiling eec.cpp ...
Compilation done.
Running: ./eec -i /eos/cms/store/group/phys_smp/ec/shuangyu/Jpsi/HardQCD_Pt15to7000_Oniaoff_CR0_PYTHIA8309 -o HardQCD_Pt15to7000_Oniaoff_CR0_PYTHIA8309 -n 50 -e 35 -r 0.4
Processing files 2800 to 2879 (out of 4000)
Total events in this chunk: 80000
#--------------------------------------------------------------------------
#                         FastJet release 3.4.1
#                 M. Cacciari, G.P. Salam and G. Soyez                  
#     A software package for jet finding and analysis at colliders      
#                           http://fastjet.fr                           
#	                                                                      
# Please cite EPJC72(2012)1896 [arXiv:1111.6097] if you use this package
# for scientific work and optionally PLB641(2006)57 [hep-ph/0512210].   
#                                                                       
# FastJet is provided without warranty under the GNU GPL v2 or higher.  
# It uses T. Chan's closest pair algorithm, S. Fortune's Voronoi code
# and 3rd party plugin jet algorithms. See COPYING file for details.
#--------------------------------------------------------------------------
1% | Elapsed: 0h 0m 1s | Remaining: 0h 1m 39s
2% | Elapsed: 0h 0m 2s | Remaining: 0h 1m 38s
3% | Elapsed: 0h 0m 4s | Remaining: 0h 2m 9s
4% | Elapsed: 0h 0m 5s | Remaining: 0h 2m 0s
5% | Elapsed: 0h 0m 6s | Remaining: 0h 1m 54s
6% | Elapsed: 0h 0m 7s | Remaining: 0h 1m 49s
7% | Elapsed: 0h 0m 8s | Remaining: 0h 1m 46s
8% | Elapsed: 0h 0m 10s | Remaining: 0h 1m 55s
9% | Elapsed: 0h 0m 11s | Remaining: 0h 1m 51s
10% | Elapsed: 0h 0m 12s | Remaining: 0h 1m 48s
11% | Elapsed: 0h 0m 13s | Remaining: 0h 1m 45s
12% | Elapsed: 0h 0m 15s | Remaining: 0h 1m 50s
13% | Elapsed: 0h 0m 16s | Remaining: 0h 1m 47s
14% | Elapsed: 0h 0m 17s | Remaining: 0h 1m 44s
15% | Elapsed: 0h 0m 18s | Remaining: 0h 1m 42s
16% | Elapsed: 0h 0m 19s | Remaining: 0h 1m 39s
17% | Elapsed: 0h 0m 20s | Remaining: 0h 1m 37s
18% | Elapsed: 0h 1m 30s | Remaining: 0h 6m 50s
19% | Elapsed: 0h 1m 32s | Remaining: 0h 6m 32s
20% | Elapsed: 0h 1m 33s | Remaining: 0h 6m 12s
21% | Elapsed: 0h 1m 35s | Remaining: 0h 5m 57s
22% | Elapsed: 0h 1m 37s | Remaining: 0h 5m 43s
23% | Elapsed: 0h 1m 38s | Remaining: 0h 5m 28s
24% | Elapsed: 0h 1m 39s | Remaining: 0h 5m 13s
25% | Elapsed: 0h 1m 40s | Remaining: 0h 5m 0s
26% | Elapsed: 0h 1m 42s | Remaining: 0h 4m 50s
27% | Elapsed: 0h 1m 43s | Remaining: 0h 4m 38s
28% | Elapsed: 0h 1m 44s | Remaining: 0h 4m 27s
29% | Elapsed: 0h 1m 46s | Remaining: 0h 4m 19s
30% | Elapsed: 0h 1m 47s | Remaining: 0h 4m 9s
31% | Elapsed: 0h 1m 48s | Remaining: 0h 4m 0s
32% | Elapsed: 0h 1m 49s | Remaining: 0h 3m 51s
33% | Elapsed: 0h 1m 50s | Remaining: 0h 3m 43s
34% | Elapsed: 0h 1m 52s | Remaining: 0h 3m 37s
35% | Elapsed: 0h 1m 53s | Remaining: 0h 3m 29s
36% | Elapsed: 0h 1m 54s | Remaining: 0h 3m 22s
37% | Elapsed: 0h 1m 55s | Remaining: 0h 3m 15s
38% | Elapsed: 0h 1m 56s | Remaining: 0h 3m 9s
39% | Elapsed: 0h 1m 58s | Remaining: 0h 3m 4s
40% | Elapsed: 0h 1m 59s | Remaining: 0h 2m 58s
41% | Elapsed: 0h 2m 0s | Remaining: 0h 2m 52s
42% | Elapsed: 0h 2m 2s | Remaining: 0h 2m 48s
43% | Elapsed: 0h 2m 3s | Remaining: 0h 2m 43s
44% | Elapsed: 0h 2m 4s | Remaining: 0h 2m 37s
45% | Elapsed: 0h 2m 5s | Remaining: 0h 2m 32s
46% | Elapsed: 0h 2m 7s | Remaining: 0h 2m 29s
47% | Elapsed: 0h 2m 8s | Remaining: 0h 2m 24s
48% | Elapsed: 0h 2m 9s | Remaining: 0h 2m 19s
49% | Elapsed: 0h 2m 10s | Remaining: 0h 2m 15s
50% | Elapsed: 0h 2m 11s | Remaining: 0h 2m 11s
51% | Elapsed: 0h 2m 13s | Remaining: 0h 2m 7s
52% | Elapsed: 0h 2m 14s | Remaining: 0h 2m 3s
53% | Elapsed: 0h 2m 16s | Remaining: 0h 2m 0s
54% | Elapsed: 0h 2m 17s | Remaining: 0h 1m 56s
55% | Elapsed: 0h 2m 18s | Remaining: 0h 1m 52s
56% | Elapsed: 0h 2m 19s | Remaining: 0h 1m 49s
57% | Elapsed: 0h 2m 20s | Remaining: 0h 1m 45s
58% | Elapsed: 0h 2m 22s | Remaining: 0h 1m 42s
59% | Elapsed: 0h 2m 23s | Remaining: 0h 1m 39s
60% | Elapsed: 0h 2m 24s | Remaining: 0h 1m 36s
61% | Elapsed: 0h 2m 25s | Remaining: 0h 1m 32s
62% | Elapsed: 0h 2m 31s | Remaining: 0h 1m 32s
63% | Elapsed: 0h 2m 32s | Remaining: 0h 1m 29s
64% | Elapsed: 0h 2m 33s | Remaining: 0h 1m 26s
65% | Elapsed: 0h 2m 34s | Remaining: 0h 1m 22s
66% | Elapsed: 0h 2m 35s | Remaining: 0h 1m 19s
67% | Elapsed: 0h 2m 36s | Remaining: 0h 1m 16s
68% | Elapsed: 0h 2m 37s | Remaining: 0h 1m 13s
69% | Elapsed: 0h 2m 39s | Remaining: 0h 1m 11s
70% | Elapsed: 0h 2m 40s | Remaining: 0h 1m 8s
71% | Elapsed: 0h 2m 41s | Remaining: 0h 1m 5s
72% | Elapsed: 0h 2m 42s | Remaining: 0h 1m 3s
73% | Elapsed: 0h 2m 43s | Remaining: 0h 1m 0s
74% | Elapsed: 0h 2m 45s | Remaining: 0h 0m 57s
75% | Elapsed: 0h 2m 46s | Remaining: 0h 0m 55s
76% | Elapsed: 0h 2m 47s | Remaining: 0h 0m 52s
77% | Elapsed: 0h 2m 48s | Remaining: 0h 0m 50s
78% | Elapsed: 0h 2m 49s | Remaining: 0h 0m 47s
79% | Elapsed: 0h 2m 50s | Remaining: 0h 0m 45s
80% | Elapsed: 0h 2m 51s | Remaining: 0h 0m 42s
81% | Elapsed: 0h 2m 52s | Remaining: 0h 0m 40s
82% | Elapsed: 0h 2m 53s | Remaining: 0h 0m 37s
83% | Elapsed: 0h 2m 55s | Remaining: 0h 0m 35s
84% | Elapsed: 0h 2m 56s | Remaining: 0h 0m 33s
85% | Elapsed: 0h 2m 57s | Remaining: 0h 0m 31s
86% | Elapsed: 0h 2m 59s | Remaining: 0h 0m 29s
87% | Elapsed: 0h 3m 0s | Remaining: 0h 0m 26s
88% | Elapsed: 0h 3m 1s | Remaining: 0h 0m 24s
89% | Elapsed: 0h 3m 2s | Remaining: 0h 0m 22s
90% | Elapsed: 0h 3m 4s | Remaining: 0h 0m 20s
91% | Elapsed: 0h 3m 5s | Remaining: 0h 0m 18s
92% | Elapsed: 0h 3m 6s | Remaining: 0h 0m 16s
93% | Elapsed: 0h 3m 8s | Remaining: 0h 0m 14s
94% | Elapsed: 0h 3m 9s | Remaining: 0h 0m 12s
95% | Elapsed: 0h 3m 11s | Remaining: 0h 0m 10s
96% | Elapsed: 0h 3m 12s | Remaining: 0h 0m 8s
97% | Elapsed: 0h 3m 13s | Remaining: 0h 0m 5s
98% | Elapsed: 0h 3m 14s | Remaining: 0h 0m 3s
99% | Elapsed: 0h 3m 16s | Remaining: 0h 0m 1s
100% | Elapsed: 0h 3m 17s | Remaining: 0h 0m 0s
Saved part 0 to HardQCD_Pt15to7000_Oniaoff_CR0_PYTHIA8309_Chunk35_Part0.root (valid: 13537, processed: 80000, final part)

Processing completed successfully!
Total events processed: 80000
Total parts created: 0

Job finished. Chunk 35 done.
